******************************************************************************
             TMS320C2000 Linker PC v22.6.0                     
******************************************************************************
>> Linked Wed Dec  3 16:05:46 2025

OUTPUT FILE NAME:   <../mcb_pmsm_foc_test_f28379d.out>
ENTRY POINT SYMBOL: "_c_int00"  address: 00082aeb


MEMORY CONFIGURATION

         name            origin    length      used     unused   attr    fill
----------------------  --------  ---------  --------  --------  ----  --------
PAGE 0:
  BEGIN                 00000000   00000002  00000000  00000002  RWIX
  RAMLS_PROG            00008000   00002000  00000947  000016b9  RWIX
  BEGIN_FLASH           00080000   00000002  00000002  00000000  RWIX
  FLASHA_N              00080002   0003fffe  00004119  0003bee5  RWIX
  RESET                 003fffc0   00000002  00000000  00000002  RWIX

PAGE 1:
  BOOT_RSVD             00000002   00000120  00000000  00000120  RWIX
  RAMM0M1               00000122   000006de  00000400  000002de  RWIX
  ADCARESULT            00000b00   00000018  00000018  00000000  RWIX
  ADCBRESULT            00000b20   00000018  00000018  00000000  RWIX
  ADCCRESULT            00000b40   00000018  00000018  00000000  RWIX
  ADCDRESULT            00000b60   00000018  00000018  00000000  RWIX
  CPU_TIMER0            00000c00   00000008  00000008  00000000  RWIX
  CPU_TIMER1            00000c08   00000008  00000008  00000000  RWIX
  CPU_TIMER2            00000c10   00000008  00000008  00000000  RWIX
  PIE_CTRL              00000ce0   00000020  0000001a  00000006  RWIX
  PIE_VECT              00000d00   00000200  000001c0  00000040  RWIX
  DMA                   00001000   00000200  000000e0  00000120  RWIX
  CLA1                  00001400   00000040  0000003e  00000002  RWIX
  CLA1_MSGRAMLOW        00001480   00000080  00000000  00000080  RWIX
  CLA1_MSGRAMHIGH       00001500   00000080  00000000  00000080  RWIX
  CLB1LOGICCFG          00003000   00000052  0000003e  00000014  RWIX
  CLB1LOGICCTRL         00003100   00000040  00000040  00000000  RWIX
  CLB1DATAEXCH          00003200   00000200  00000108  000000f8  RWIX
  CLB2LOGICCFG          00003400   00000052  0000003e  00000014  RWIX
  CLB2LOGICCTRL         00003500   00000040  00000040  00000000  RWIX
  CLB2DATAEXCH          00003600   00000200  00000108  000000f8  RWIX
  CLB3LOGICCFG          00003800   00000052  0000003e  00000014  RWIX
  CLB3LOGICCTRL         00003900   00000040  00000040  00000000  RWIX
  CLB3DATAEXCH          00003a00   00000200  00000108  000000f8  RWIX
  CLB4LOGICCFG          00003c00   00000052  0000003e  00000014  RWIX
  CLB4LOGICCTRL         00003d00   00000040  00000040  00000000  RWIX
  CLB4DATAEXCH          00003e00   00000200  00000108  000000f8  RWIX
  EPWM1                 00004000   00000100  00000100  00000000  RWIX
  EPWM2                 00004100   00000100  00000100  00000000  RWIX
  EPWM3                 00004200   00000100  00000100  00000000  RWIX
  EPWM4                 00004300   00000100  00000100  00000000  RWIX
  EPWM5                 00004400   00000100  00000100  00000000  RWIX
  EPWM6                 00004500   00000100  00000100  00000000  RWIX
  EPWM7                 00004600   00000100  00000100  00000000  RWIX
  EPWM8                 00004700   00000100  00000100  00000000  RWIX
  EPWM9                 00004800   00000100  00000100  00000000  RWIX
  EPWM10                00004900   00000100  00000100  00000000  RWIX
  EPWM11                00004a00   00000100  00000100  00000000  RWIX
  EPWM12                00004b00   00000100  00000100  00000000  RWIX
  ECAP1                 00005000   00000020  0000001a  00000006  RWIX
  ECAP2                 00005020   00000020  0000001a  00000006  RWIX
  ECAP3                 00005040   00000020  0000001a  00000006  RWIX
  ECAP4                 00005060   00000020  0000001a  00000006  RWIX
  ECAP5                 00005080   00000020  0000001a  00000006  RWIX
  ECAP6                 000050a0   00000020  0000001a  00000006  RWIX
  EQEP1                 00005100   00000040  00000022  0000001e  RWIX
  EQEP2                 00005140   00000040  00000022  0000001e  RWIX
  EQEP3                 00005180   00000040  00000022  0000001e  RWIX
  DACA                  00005c00   00000010  00000007  00000009  RWIX
  DACB                  00005c10   00000010  00000007  00000009  RWIX
  DACC                  00005c20   00000010  00000007  00000009  RWIX
  CMPSS1                00005c80   00000020  0000001b  00000005  RWIX
  CMPSS2                00005ca0   00000020  0000001b  00000005  RWIX
  CMPSS3                00005cc0   00000020  0000001b  00000005  RWIX
  CMPSS4                00005ce0   00000020  0000001b  00000005  RWIX
  CMPSS5                00005d00   00000020  0000001b  00000005  RWIX
  CMPSS6                00005d20   00000020  0000001b  00000005  RWIX
  CMPSS7                00005d40   00000020  0000001b  00000005  RWIX
  CMPSS8                00005d60   00000020  0000001b  00000005  RWIX
  SDFM1                 00005e00   00000080  00000048  00000038  RWIX
  SDFM2                 00005e80   00000080  00000048  00000038  RWIX
  MCBSPA                00006000   00000040  00000024  0000001c  RWIX
  MCBSPB                00006040   00000040  00000024  0000001c  RWIX
  SPIA                  00006100   00000010  00000010  00000000  RWIX
  SPIB                  00006110   00000010  00000010  00000000  RWIX
  SPIC                  00006120   00000010  00000010  00000000  RWIX
  SPID                  00006130   00000010  00000000  00000010  RWIX
  UPP                   00006200   00000100  00000048  000000b8  RWIX
  WD                    00007000   00000040  0000002b  00000015  RWIX
  NMIINTRUPT            00007060   00000010  00000007  00000009  RWIX
  XINT                  00007070   00000010  0000000b  00000005  RWIX
  SCIA                  00007200   00000010  00000010  00000000  RWIX
  SCIB                  00007210   00000010  00000010  00000000  RWIX
  SCIC                  00007220   00000010  00000010  00000000  RWIX
  SCID                  00007230   00000010  00000010  00000000  RWIX
  I2CA                  00007300   00000040  00000022  0000001e  RWIX
  I2CB                  00007340   00000040  00000022  0000001e  RWIX
  ADCA                  00007400   00000080  0000007c  00000004  RWIX
  ADCB                  00007480   00000080  0000007c  00000004  RWIX
  ADCC                  00007500   00000080  0000007c  00000004  RWIX
  ADCD                  00007580   00000080  0000007c  00000004  RWIX
  INPUT_XBAR            00007900   00000020  00000020  00000000  RWIX
  XBAR                  00007920   00000020  0000000e  00000012  RWIX
  SYNC_SOC              00007940   00000010  00000006  0000000a  RWIX
  DMACLASRCSEL          00007980   00000040  0000001a  00000026  RWIX
  EPWM_XBAR             00007a00   00000040  00000040  00000000  RWIX
  CLB_XBAR              00007a40   00000040  00000040  00000000  RWIX
  OUTPUT_XBAR           00007a80   00000040  00000040  00000000  RWIX
  GPIOCTRL              00007c00   00000180  00000180  00000000  RWIX
  GPIODAT               00007f00   00000030  00000030  00000000  RWIX
  RAMLS_DATA            0000a000   00001000  00000000  00001000  RWIX
  RAMD0D1               0000b000   00001000  00000000  00001000  RWIX
  RAMGS_IPCBuffCPU1     0000c000   00001000  00000000  00001000  RWIX
  RAMGS_IPCBuffCPU2     0000d000   00001000  00000000  00001000  RWIX
  RAMGS_DATA            0000e000   00007000  0000034f  00006cb1  RWIX
  CPU2TOCPU1RAM         0003f800   00000400  00000000  00000400  RWIX
  CPU1TOCPU2RAM         0003fc00   00000400  00000000  00000400  RWIX
  EMIF1                 00047000   00000800  00000028  000007d8  RWIX
  EMIF2                 00047800   00000800  00000028  000007d8  RWIX
  CANA                  00048000   00000200  00000164  0000009c  RWIX
  CANB                  0004a000   00000200  00000164  0000009c  RWIX
  IPC                   00050000   00000024  00000024  00000000  RWIX
  FLASHPUMPSEMAPHORE    00050024   00000002  00000002  00000000  RWIX
  DEV_CFG               0005d000   00000180  0000012e  00000052  RWIX
  ANALOG_SUBSYS         0005d180   00000080  0000003e  00000042  RWIX
  CLK_CFG               0005d200   00000100  00000032  000000ce  RWIX
  CPU_SYS               0005d300   00000100  00000082  0000007e  RWIX
  ROMPREFETCH           0005e608   00000002  00000002  00000000  RWIX
  DCSM_Z1               0005f000   00000030  00000022  0000000e  RWIX
  DCSM_Z2               0005f040   00000030  00000022  0000000e  RWIX
  DCSM_COMMON           0005f070   00000010  00000006  0000000a  RWIX
  MEMCFG                0005f400   00000080  00000076  0000000a  RWIX
  EMIF1CONFIG           0005f480   00000020  0000000a  00000016  RWIX
  EMIF2CONFIG           0005f4a0   00000020  0000000a  00000016  RWIX
  ACCESSPROTECTION      0005f4c0   00000040  0000002e  00000012  RWIX
  MEMORYERROR           0005f500   00000040  0000003a  00000006  RWIX
  ROMWAITSTATE          0005f540   00000002  00000002  00000000  RWIX
  FLASH0_CTRL           0005f800   00000300  00000182  0000017e  RWIX
  FLASH0_ECC            0005fb00   00000040  00000028  00000018  RWIX
  DCSM_Z1_OTP           00078000   00000020  00000000  00000020  RWIX
  DCSM_Z2_OTP           00078200   00000020  00000000  00000020  RWIX


SECTION ALLOCATION MAP

 output                                  attributes/
section   page    origin      length       input sections
--------  ----  ----------  ----------   ----------------
codestart 
*          0    00080000    00000002     
                  00080000    00000002     F2837xD_CodeStartBranch.obj (codestart)

.econst    0    00082da8    0000099c     
                  00082da8    000007d4     mcb_pmsm_foc_test_f28379d_data.obj (.econst:_mcb_pmsm_foc_test_f28379_ConstP)
                  0008357c    000001c0     F2837xD_PieVect.obj (.econst:_PieVectTableInit)
                  0008373c    00000002     rtGetNaN.obj (.econst:_$P$T0$1)
                  0008373e    00000002     mcb_pmsm_foc_test_f28379d_data.obj (.econst:_mcb_pmsm_foc_test_f28379_ConstB)
                  00083740    00000002     mcb_pmsm_foc_test_f28379d.obj (.econst)
                  00083742    00000002     rts2800_fpu32.lib : s_floorf.c.obj (.econst)

.switch    0    000840a0    00000040     
                  000840a0    00000024     c2837xDBoard_Realtime_Support.obj (.switch:_CPU02toCPU01IPC0IntHandler)
                  000840c4    0000001c     c2837xDBoard_Realtime_Support.obj (.switch:_setInXBARForCPU2)

AdcaResultRegsFile 
*          1    00000b00    00000018     UNINITIALIZED
                  00000b00    00000018     F2837xD_GlobalVariableDefs.obj (AdcaResultRegsFile)

AdcbResultRegsFile 
*          1    00000b20    00000018     UNINITIALIZED
                  00000b20    00000018     F2837xD_GlobalVariableDefs.obj (AdcbResultRegsFile)

AdccResultRegsFile 
*          1    00000b40    00000018     UNINITIALIZED
                  00000b40    00000018     F2837xD_GlobalVariableDefs.obj (AdccResultRegsFile)

AdcdResultRegsFile 
*          1    00000b60    00000018     UNINITIALIZED
                  00000b60    00000018     F2837xD_GlobalVariableDefs.obj (AdcdResultRegsFile)

CpuTimer0RegsFile 
*          1    00000c00    00000008     UNINITIALIZED
                  00000c00    00000008     F2837xD_GlobalVariableDefs.obj (CpuTimer0RegsFile)

CpuTimer1RegsFile 
*          1    00000c08    00000008     UNINITIALIZED
                  00000c08    00000008     F2837xD_GlobalVariableDefs.obj (CpuTimer1RegsFile)

CpuTimer2RegsFile 
*          1    00000c10    00000008     UNINITIALIZED
                  00000c10    00000008     F2837xD_GlobalVariableDefs.obj (CpuTimer2RegsFile)

PieCtrlRegsFile 
*          1    00000ce0    0000001a     UNINITIALIZED
                  00000ce0    0000001a     F2837xD_GlobalVariableDefs.obj (PieCtrlRegsFile)

PieVectTableFile 
*          1    00000d00    000001c0     UNINITIALIZED
                  00000d00    000001c0     F2837xD_GlobalVariableDefs.obj (PieVectTableFile)

EmuKeyVar 
*          1    00000d00    00000000     UNINITIALIZED

EmuBModeVar 
*          1    00000d00    00000000     UNINITIALIZED

FlashCallbackVar 
*          1    00000d00    00000000     UNINITIALIZED

FlashScalingVar 
*          1    00000d00    00000000     UNINITIALIZED

Cla1RegsFile 
*          1    00001400    0000003e     UNINITIALIZED
                  00001400    0000003e     F2837xD_GlobalVariableDefs.obj (Cla1RegsFile)

Clb1LogicCfgRegsFile 
*          1    00003000    0000003e     UNINITIALIZED
                  00003000    0000003e     F2837xD_GlobalVariableDefs.obj (Clb1LogicCfgRegsFile)

Clb1LogicCtrlRegsFile 
*          1    00003100    00000040     UNINITIALIZED
                  00003100    00000040     F2837xD_GlobalVariableDefs.obj (Clb1LogicCtrlRegsFile)

Clb2LogicCfgRegsFile 
*          1    00003400    0000003e     UNINITIALIZED
                  00003400    0000003e     F2837xD_GlobalVariableDefs.obj (Clb2LogicCfgRegsFile)

Clb2LogicCtrlRegsFile 
*          1    00003500    00000040     UNINITIALIZED
                  00003500    00000040     F2837xD_GlobalVariableDefs.obj (Clb2LogicCtrlRegsFile)

Clb3LogicCfgRegsFile 
*          1    00003800    0000003e     UNINITIALIZED
                  00003800    0000003e     F2837xD_GlobalVariableDefs.obj (Clb3LogicCfgRegsFile)

Clb3LogicCtrlRegsFile 
*          1    00003900    00000040     UNINITIALIZED
                  00003900    00000040     F2837xD_GlobalVariableDefs.obj (Clb3LogicCtrlRegsFile)

Clb4LogicCfgRegsFile 
*          1    00003c00    0000003e     UNINITIALIZED
                  00003c00    0000003e     F2837xD_GlobalVariableDefs.obj (Clb4LogicCfgRegsFile)

Clb4LogicCtrlRegsFile 
*          1    00003d00    00000040     UNINITIALIZED
                  00003d00    00000040     F2837xD_GlobalVariableDefs.obj (Clb4LogicCtrlRegsFile)

EPwm1RegsFile 
*          1    00004000    00000100     UNINITIALIZED
                  00004000    00000100     F2837xD_GlobalVariableDefs.obj (EPwm1RegsFile)

EPwm2RegsFile 
*          1    00004100    00000100     UNINITIALIZED
                  00004100    00000100     F2837xD_GlobalVariableDefs.obj (EPwm2RegsFile)

EPwm3RegsFile 
*          1    00004200    00000100     UNINITIALIZED
                  00004200    00000100     F2837xD_GlobalVariableDefs.obj (EPwm3RegsFile)

EPwm4RegsFile 
*          1    00004300    00000100     UNINITIALIZED
                  00004300    00000100     F2837xD_GlobalVariableDefs.obj (EPwm4RegsFile)

EPwm5RegsFile 
*          1    00004400    00000100     UNINITIALIZED
                  00004400    00000100     F2837xD_GlobalVariableDefs.obj (EPwm5RegsFile)

EPwm6RegsFile 
*          1    00004500    00000100     UNINITIALIZED
                  00004500    00000100     F2837xD_GlobalVariableDefs.obj (EPwm6RegsFile)

EPwm7RegsFile 
*          1    00004600    00000100     UNINITIALIZED
                  00004600    00000100     F2837xD_GlobalVariableDefs.obj (EPwm7RegsFile)

EPwm8RegsFile 
*          1    00004700    00000100     UNINITIALIZED
                  00004700    00000100     F2837xD_GlobalVariableDefs.obj (EPwm8RegsFile)

EPwm9RegsFile 
*          1    00004800    00000100     UNINITIALIZED
                  00004800    00000100     F2837xD_GlobalVariableDefs.obj (EPwm9RegsFile)

EPwm10RegsFile 
*          1    00004900    00000100     UNINITIALIZED
                  00004900    00000100     F2837xD_GlobalVariableDefs.obj (EPwm10RegsFile)

EPwm11RegsFile 
*          1    00004a00    00000100     UNINITIALIZED
                  00004a00    00000100     F2837xD_GlobalVariableDefs.obj (EPwm11RegsFile)

EPwm12RegsFile 
*          1    00004b00    00000100     UNINITIALIZED
                  00004b00    00000100     F2837xD_GlobalVariableDefs.obj (EPwm12RegsFile)

ECap1RegsFile 
*          1    00005000    0000001a     UNINITIALIZED
                  00005000    0000001a     F2837xD_GlobalVariableDefs.obj (ECap1RegsFile)

ECap2RegsFile 
*          1    00005020    0000001a     UNINITIALIZED
                  00005020    0000001a     F2837xD_GlobalVariableDefs.obj (ECap2RegsFile)

ECap3RegsFile 
*          1    00005040    0000001a     UNINITIALIZED
                  00005040    0000001a     F2837xD_GlobalVariableDefs.obj (ECap3RegsFile)

ECap4RegsFile 
*          1    00005060    0000001a     UNINITIALIZED
                  00005060    0000001a     F2837xD_GlobalVariableDefs.obj (ECap4RegsFile)

ECap5RegsFile 
*          1    00005080    0000001a     UNINITIALIZED
                  00005080    0000001a     F2837xD_GlobalVariableDefs.obj (ECap5RegsFile)

ECap6RegsFile 
*          1    000050a0    0000001a     UNINITIALIZED
                  000050a0    0000001a     F2837xD_GlobalVariableDefs.obj (ECap6RegsFile)

EQep1RegsFile 
*          1    00005100    00000022     UNINITIALIZED
                  00005100    00000022     F2837xD_GlobalVariableDefs.obj (EQep1RegsFile)

EQep2RegsFile 
*          1    00005140    00000022     UNINITIALIZED
                  00005140    00000022     F2837xD_GlobalVariableDefs.obj (EQep2RegsFile)

EQep3RegsFile 
*          1    00005180    00000022     UNINITIALIZED
                  00005180    00000022     F2837xD_GlobalVariableDefs.obj (EQep3RegsFile)

DacaRegsFile 
*          1    00005c00    00000007     UNINITIALIZED
                  00005c00    00000007     F2837xD_GlobalVariableDefs.obj (DacaRegsFile)

DacbRegsFile 
*          1    00005c10    00000007     UNINITIALIZED
                  00005c10    00000007     F2837xD_GlobalVariableDefs.obj (DacbRegsFile)

DaccRegsFile 
*          1    00005c20    00000007     UNINITIALIZED
                  00005c20    00000007     F2837xD_GlobalVariableDefs.obj (DaccRegsFile)

Cmpss1RegsFile 
*          1    00005c80    0000001b     UNINITIALIZED
                  00005c80    0000001b     F2837xD_GlobalVariableDefs.obj (Cmpss1RegsFile)

Cmpss2RegsFile 
*          1    00005ca0    0000001b     UNINITIALIZED
                  00005ca0    0000001b     F2837xD_GlobalVariableDefs.obj (Cmpss2RegsFile)

Cmpss3RegsFile 
*          1    00005cc0    0000001b     UNINITIALIZED
                  00005cc0    0000001b     F2837xD_GlobalVariableDefs.obj (Cmpss3RegsFile)

Cmpss4RegsFile 
*          1    00005ce0    0000001b     UNINITIALIZED
                  00005ce0    0000001b     F2837xD_GlobalVariableDefs.obj (Cmpss4RegsFile)

Cmpss5RegsFile 
*          1    00005d00    0000001b     UNINITIALIZED
                  00005d00    0000001b     F2837xD_GlobalVariableDefs.obj (Cmpss5RegsFile)

Cmpss6RegsFile 
*          1    00005d20    0000001b     UNINITIALIZED
                  00005d20    0000001b     F2837xD_GlobalVariableDefs.obj (Cmpss6RegsFile)

Cmpss7RegsFile 
*          1    00005d40    0000001b     UNINITIALIZED
                  00005d40    0000001b     F2837xD_GlobalVariableDefs.obj (Cmpss7RegsFile)

Cmpss8RegsFile 
*          1    00005d60    0000001b     UNINITIALIZED
                  00005d60    0000001b     F2837xD_GlobalVariableDefs.obj (Cmpss8RegsFile)

I2caRegsFile 
*          1    00007300    00000022     UNINITIALIZED
                  00007300    00000022     F2837xD_GlobalVariableDefs.obj (I2caRegsFile)

I2cbRegsFile 
*          1    00007340    00000022     UNINITIALIZED
                  00007340    00000022     F2837xD_GlobalVariableDefs.obj (I2cbRegsFile)

AdcaRegsFile 
*          1    00007400    0000007c     UNINITIALIZED
                  00007400    0000007c     F2837xD_GlobalVariableDefs.obj (AdcaRegsFile)

AdcbRegsFile 
*          1    00007480    0000007c     UNINITIALIZED
                  00007480    0000007c     F2837xD_GlobalVariableDefs.obj (AdcbRegsFile)

AdccRegsFile 
*          1    00007500    0000007c     UNINITIALIZED
                  00007500    0000007c     F2837xD_GlobalVariableDefs.obj (AdccRegsFile)

AdcdRegsFile 
*          1    00007580    0000007c     UNINITIALIZED
                  00007580    0000007c     F2837xD_GlobalVariableDefs.obj (AdcdRegsFile)

CanaRegsFile 
*          1    00048000    00000164     UNINITIALIZED
                  00048000    00000164     F2837xD_GlobalVariableDefs.obj (CanaRegsFile)

CanbRegsFile 
*          1    0004a000    00000164     UNINITIALIZED
                  0004a000    00000164     F2837xD_GlobalVariableDefs.obj (CanbRegsFile)

AnalogSubsysRegsFile 
*          1    0005d180    0000003e     UNINITIALIZED
                  0005d180    0000003e     F2837xD_GlobalVariableDefs.obj (AnalogSubsysRegsFile)

Cla1SoftIntRegsFile 
*          1    00000ce0    00000000     DSECT

Clb1DataExchRegsFile 
*          1    00003200    00000108     UNINITIALIZED
                  00003200    00000108     F2837xD_GlobalVariableDefs.obj (Clb1DataExchRegsFile)

Clb2DataExchRegsFile 
*          1    00003600    00000108     UNINITIALIZED
                  00003600    00000108     F2837xD_GlobalVariableDefs.obj (Clb2DataExchRegsFile)

Clb3DataExchRegsFile 
*          1    00003a00    00000108     UNINITIALIZED
                  00003a00    00000108     F2837xD_GlobalVariableDefs.obj (Clb3DataExchRegsFile)

Clb4DataExchRegsFile 
*          1    00003e00    00000108     UNINITIALIZED
                  00003e00    00000108     F2837xD_GlobalVariableDefs.obj (Clb4DataExchRegsFile)

Sdfm1RegsFile 
*          1    00005e00    00000048     UNINITIALIZED
                  00005e00    00000048     F2837xD_GlobalVariableDefs.obj (Sdfm1RegsFile)

Sdfm2RegsFile 
*          1    00005e80    00000048     UNINITIALIZED
                  00005e80    00000048     F2837xD_GlobalVariableDefs.obj (Sdfm2RegsFile)

McbspaRegsFile 
*          1    00006000    00000024     UNINITIALIZED
                  00006000    00000024     F2837xD_GlobalVariableDefs.obj (McbspaRegsFile)

McbspbRegsFile 
*          1    00006040    00000024     UNINITIALIZED
                  00006040    00000024     F2837xD_GlobalVariableDefs.obj (McbspbRegsFile)

SpiaRegsFile 
*          1    00006100    00000010     UNINITIALIZED
                  00006100    00000010     F2837xD_GlobalVariableDefs.obj (SpiaRegsFile)

SpibRegsFile 
*          1    00006110    00000010     UNINITIALIZED
                  00006110    00000010     F2837xD_GlobalVariableDefs.obj (SpibRegsFile)

SpicRegsFile 
*          1    00006120    00000010     UNINITIALIZED
                  00006120    00000010     F2837xD_GlobalVariableDefs.obj (SpicRegsFile)

UppRegsFile 
*          1    00006200    00000048     UNINITIALIZED
                  00006200    00000048     F2837xD_GlobalVariableDefs.obj (UppRegsFile)

WdRegsFile 
*          1    00007000    0000002b     UNINITIALIZED
                  00007000    0000002b     F2837xD_GlobalVariableDefs.obj (WdRegsFile)

NmiIntruptRegsFile 
*          1    00007060    00000007     UNINITIALIZED
                  00007060    00000007     F2837xD_GlobalVariableDefs.obj (NmiIntruptRegsFile)

XintRegsFile 
*          1    00007070    0000000b     UNINITIALIZED
                  00007070    0000000b     F2837xD_GlobalVariableDefs.obj (XintRegsFile)

SciaRegsFile 
*          1    00007200    00000010     UNINITIALIZED
                  00007200    00000010     F2837xD_GlobalVariableDefs.obj (SciaRegsFile)

ScibRegsFile 
*          1    00007210    00000010     UNINITIALIZED
                  00007210    00000010     F2837xD_GlobalVariableDefs.obj (ScibRegsFile)

ScicRegsFile 
*          1    00007220    00000010     UNINITIALIZED
                  00007220    00000010     F2837xD_GlobalVariableDefs.obj (ScicRegsFile)

ScidRegsFile 
*          1    00007230    00000010     UNINITIALIZED
                  00007230    00000010     F2837xD_GlobalVariableDefs.obj (ScidRegsFile)

InputXbarRegsFile 
*          1    00007900    00000020     UNINITIALIZED
                  00007900    00000020     F2837xD_GlobalVariableDefs.obj (InputXbarRegsFile)

XbarRegsFile 
*          1    00007920    0000000e     UNINITIALIZED
                  00007920    0000000e     F2837xD_GlobalVariableDefs.obj (XbarRegsFile)

SyncSocRegsFile 
*          1    00007940    00000006     UNINITIALIZED
                  00007940    00000006     F2837xD_GlobalVariableDefs.obj (SyncSocRegsFile)

EPwmXbarRegsFile 
*          1    00007a00    00000040     UNINITIALIZED
                  00007a00    00000040     F2837xD_GlobalVariableDefs.obj (EPwmXbarRegsFile)

ClbXbarRegsFile 
*          1    00007a40    00000040     UNINITIALIZED
                  00007a40    00000040     F2837xD_GlobalVariableDefs.obj (ClbXbarRegsFile)

OutputXbarRegsFile 
*          1    00007a80    00000040     UNINITIALIZED
                  00007a80    00000040     F2837xD_GlobalVariableDefs.obj (OutputXbarRegsFile)

GpioCtrlRegsFile 
*          1    00007c00    00000180     UNINITIALIZED
                  00007c00    00000180     F2837xD_GlobalVariableDefs.obj (GpioCtrlRegsFile)

GpioDataRegsFile 
*          1    00007f00    00000030     UNINITIALIZED
                  00007f00    00000030     F2837xD_GlobalVariableDefs.obj (GpioDataRegsFile)

IpcRegsFile 
*          1    00050000    00000024     UNINITIALIZED
                  00050000    00000024     F2837xD_GlobalVariableDefs.obj (IpcRegsFile)

FlashPumpSemaphoreRegsFile 
*          1    00050024    00000002     UNINITIALIZED
                  00050024    00000002     F2837xD_GlobalVariableDefs.obj (FlashPumpSemaphoreRegsFile)

RomPrefetchRegsFile 
*          1    0005e608    00000002     UNINITIALIZED
                  0005e608    00000002     F2837xD_GlobalVariableDefs.obj (RomPrefetchRegsFile)

DcsmZ1RegsFile 
*          1    0005f000    00000022     UNINITIALIZED
                  0005f000    00000022     F2837xD_GlobalVariableDefs.obj (DcsmZ1RegsFile)

DcsmZ2RegsFile 
*          1    0005f040    00000022     UNINITIALIZED
                  0005f040    00000022     F2837xD_GlobalVariableDefs.obj (DcsmZ2RegsFile)

DcsmCommonRegsFile 
*          1    0005f070    00000006     UNINITIALIZED
                  0005f070    00000006     F2837xD_GlobalVariableDefs.obj (DcsmCommonRegsFile)

DmaRegsFile 
*          1    00001000    000000e0     UNINITIALIZED
                  00001000    000000e0     F2837xD_GlobalVariableDefs.obj (DmaRegsFile)

DmaClaSrcSelRegsFile 
*          1    00007980    0000001a     UNINITIALIZED
                  00007980    0000001a     F2837xD_GlobalVariableDefs.obj (DmaClaSrcSelRegsFile)

Emif1RegsFile 
*          1    00047000    00000028     UNINITIALIZED
                  00047000    00000028     F2837xD_GlobalVariableDefs.obj (Emif1RegsFile)

Emif2RegsFile 
*          1    00047800    00000028     UNINITIALIZED
                  00047800    00000028     F2837xD_GlobalVariableDefs.obj (Emif2RegsFile)

MemCfgRegsFile 
*          1    0005f400    00000076     UNINITIALIZED
                  0005f400    00000076     F2837xD_GlobalVariableDefs.obj (MemCfgRegsFile)

Emif1ConfigRegsFile 
*          1    0005f480    0000000a     UNINITIALIZED
                  0005f480    0000000a     F2837xD_GlobalVariableDefs.obj (Emif1ConfigRegsFile)

Emif2ConfigRegsFile 
*          1    0005f4a0    0000000a     UNINITIALIZED
                  0005f4a0    0000000a     F2837xD_GlobalVariableDefs.obj (Emif2ConfigRegsFile)

AccessProtectionRegsFile 
*          1    0005f4c0    0000002e     UNINITIALIZED
                  0005f4c0    0000002e     F2837xD_GlobalVariableDefs.obj (AccessProtectionRegsFile)

MemoryErrorRegsFile 
*          1    0005f500    0000003a     UNINITIALIZED
                  0005f500    0000003a     F2837xD_GlobalVariableDefs.obj (MemoryErrorRegsFile)

RomWaitStateRegsFile 
*          1    0005f540    00000002     UNINITIALIZED
                  0005f540    00000002     F2837xD_GlobalVariableDefs.obj (RomWaitStateRegsFile)

Flash0CtrlRegsFile 
*          1    0005f800    00000182     UNINITIALIZED
                  0005f800    00000182     F2837xD_GlobalVariableDefs.obj (Flash0CtrlRegsFile)

Flash0EccRegsFile 
*          1    0005fb00    00000028     UNINITIALIZED
                  0005fb00    00000028     F2837xD_GlobalVariableDefs.obj (Flash0EccRegsFile)

DevCfgRegsFile 
*          1    0005d000    0000012e     UNINITIALIZED
                  0005d000    0000012e     F2837xD_GlobalVariableDefs.obj (DevCfgRegsFile)

ClkCfgRegsFile 
*          1    0005d200    00000032     UNINITIALIZED
                  0005d200    00000032     F2837xD_GlobalVariableDefs.obj (ClkCfgRegsFile)

CpuSysRegsFile 
*          1    0005d300    00000082     UNINITIALIZED
                  0005d300    00000082     F2837xD_GlobalVariableDefs.obj (CpuSysRegsFile)

.cinit     0    0008404c    00000052     
                  0008404c    0000000f     c2837xDBoard_Realtime_Support.obj (.cinit)
                  0008405b    0000000e     rts2800_fpu32.lib : exit.c.obj (.cinit)
                  00084069    00000008     mcb_pmsm_foc_test_f28379d.obj (.cinit)
                  00084071    00000007     MW_c28xSPI.obj (.cinit:_SPI_oneTimeInit)
                  00084078    00000007     ert_main.obj (.cinit:_isRateRunning)
                  0008407f    00000007     ert_main.obj (.cinit:_need2runFlags)
                  00084086    00000005     rts2800_fpu32.lib : _lock.c.obj (.cinit:__lock)
                  0008408b    00000005                       : _lock.c.obj (.cinit:__unlock)
                  00084090    00000004     MW_c28xGPIO.obj (.cinit)
                  00084094    00000004     MW_c28xGlobalInterrupts.obj (.cinit)
                  00084098    00000004     ert_main.obj (.cinit)
                  0008409c    00000002     --HOLE-- [fill = 0]

.pinit     0    00080004    00000000     UNINITIALIZED

.text      0    00080004    00002da4     
                  00080004    00000760     mcb_pmsm_foc_test_f28379d.obj (.text)
                  00080764    00000668     MW_c2000ISR.obj (.text)
                  00080dcc    00000585     F2837xD_DefaultISR.obj (.text:retain)
                  00081351    000004aa     F2837xD_SysCtrl.obj (.text)
                  000817fb    000002da     F2837xD_Ipc_Driver_Lite.obj (.text)
                  00081ad5    0000029b     c2837xDBoard_Realtime_Support.obj (.text)
                  00081d70    00000244     F2837xD_Gpio.obj (.text)
                  00081fb4    00000198     DSP28xx_SciUtil.obj (.text)
                  0008214c    00000149     mcb_pmsm_foc_test_f28379d.obj (.text:retain)
                  00082295    00000128     MW_c28xSPI.obj (.text)
                  000823bd    000000f0     F2837xD_Adc.obj (.text)
                  000824ad    000000f0     c2837xDBoard_Realtime_Support.obj (.text:retain)
                  0008259d    000000d6     ert_main.obj (.text)
                  00082673    000000cc     MW_SPI.obj (.text)
                  0008273f    000000c0     MW_c28xx_board.obj (.text)
                  000827ff    000000bc     MW_c28xx_adc.obj (.text)
                  000828bb    00000092     rt_nonfinite.obj (.text)
                  0008294d    0000007c     F2837xD_CpuTimers.obj (.text)
                  000829c9    0000006f     c2837xDSchedulerTimer0.obj (.text)
                  00082a38    0000005a     MW_c28xx_csl.obj (.text)
                  00082a92    00000059     rts2800_fpu32.lib : s_floorf.c.obj (.text)
                  00082aeb    00000056                       : boot28.asm.obj (.text)
                  00082b41    0000004a     c2837xDSchedulerTimer0.obj (.text:retain)
                  00082b8b    00000046     MW_c28xx_pwm.obj (.text)
                  00082bd1    00000044     rtGetInf.obj (.text)
                  00082c15    00000038     MW_c28xx_i2c.obj (.text)
                  00082c4d    00000031     MW_c28xGPIO.obj (.text)
                  00082c7e    0000002a     rtGetNaN.obj (.text)
                  00082ca8    00000029     rts2800_fpu32.lib : exit.c.obj (.text)
                  00082cd1    00000028     F2837xD_PieCtrl.obj (.text)
                  00082cf9    00000026     F2837xD_PieVect.obj (.text)
                  00082d1f    00000024     rts2800_fpu32.lib : cpy_tbl.c.obj (.text)
                  00082d43    0000001d                       : memcpy.c.obj (.text)
                  00082d60    00000014     MW_c28xGlobalInterrupts.obj (.text)
                  00082d74    00000012     rts2800_fpu32.lib : args_main.c.obj (.text)
                  00082d86    00000009                       : _lock.c.obj (.text)
                  00082d8f    00000008     F2837xD_CodeStartBranch.obj (.text)
                  00082d97    00000007     memcpy_fast.obj (.text)
                  00082d9e    00000007     rts2800_fpu32.lib : memset.c.obj (.text)
                  00082da5    00000002                       : pre_init.c.obj (.text)
                  00082da7    00000001                       : startup.c.obj (.text)

ramfuncs   0    00083744    00000908     RUN ADDR = 00008000
                  00083744    00000908     mcb_pmsm_foc_test_f28379d.obj (ramfuncs)

.TI.ramfunc 
*          0    000840e0    0000003f     RUN ADDR = 00008908
                  000840e0    00000037     F2837xD_SysCtrl.obj (.TI.ramfunc)
                  00084117    00000004     F2837xD_usDelay.obj (.TI.ramfunc)
                  0008411b    00000004     sysctl.obj (.TI.ramfunc)

.stack     1    00000122    00000400     UNINITIALIZED
                  00000122    00000400     --HOLE--

.reset     0    003fffc0    00000002     DSECT
                  003fffc0    00000002     rts2800_fpu32.lib : boot28.asm.obj (.reset)

GETBUFFER 
*          0    0003f800    00000000     DSECT

GETWRITEIDX 
*          0    0003f800    00000000     DSECT

PUTREADIDX 
*          0    0003f800    00000000     DSECT

WRITEFLAG1CPU2 
*          0    0003f800    00000000     DSECT

WRITEFLAG2CPU2 
*          0    0003f800    00000000     DSECT

READFLAG1CPU2 
*          0    0003f800    00000000     DSECT

READFLAG2CPU2 
*          0    0003f800    00000000     DSECT

.ebss      1    0000e000    0000034f     UNINITIALIZED
                  0000e000    000002ec     mcb_pmsm_foc_test_f28379d.obj (.ebss)
                  0000e2ec    0000000c     rt_nonfinite.obj (.ebss)
                  0000e2f8    00000008     c2837xDBoard_Realtime_Support.obj (.ebss)
                  0000e300    00000018     F2837xD_CpuTimers.obj (.ebss)
                  0000e318    00000018     MW_c28xSPI.obj (.ebss:_mySpi)
                  0000e330    00000006     rts2800_fpu32.lib : exit.c.obj (.ebss)
                  0000e336    00000004     DSP28xx_SciUtil.obj (.ebss)
                  0000e33a    00000004     MW_c28xSPI.obj (.ebss:_SPI_oneTimeInit)
                  0000e33e    00000002     rts2800_fpu32.lib : _lock.c.obj (.ebss:__lock)
                  0000e340    00000004     ert_main.obj (.ebss:_isRateRunning)
                  0000e344    00000004     ert_main.obj (.ebss:_need2runFlags)
                  0000e348    00000003     ert_main.obj (.ebss)
                  0000e34b    00000001     MW_c28xGPIO.obj (.ebss)
                  0000e34c    00000002     rts2800_fpu32.lib : _lock.c.obj (.ebss:__unlock)
                  0000e34e    00000001     MW_c28xGlobalInterrupts.obj (.ebss)

MODULE SUMMARY

       Module                               code    initialized data   uninitialized data
       ------                               ----    ----------------   ------------------
    <current directory>
       F2837xD_GlobalVariableDefs.obj       0       0                  9854              
       mcb_pmsm_foc_test_f28379d.obj        6841    10                 748               
       mcb_pmsm_foc_test_f28379d_data.obj   0       2006               0                 
       MW_c2000ISR.obj                      1640    0                  0                 
       F2837xD_DefaultISR.obj               1413    0                  0                 
       F2837xD_SysCtrl.obj                  1304    0                  0                 
       c2837xDBoard_Realtime_Support.obj    907     79                 8                 
       F2837xD_Ipc_Driver_Lite.obj          730     0                  0                 
       F2837xD_Gpio.obj                     580     0                  0                 
       F2837xD_PieVect.obj                  38      448                0                 
       DSP28xx_SciUtil.obj                  408     0                  4                 
       MW_c28xSPI.obj                       296     7                  28                
       ert_main.obj                         214     18                 11                
       F2837xD_Adc.obj                      240     0                  0                 
       MW_SPI.obj                           204     0                  0                 
       MW_c28xx_board.obj                   192     0                  0                 
       MW_c28xx_adc.obj                     188     0                  0                 
       c2837xDSchedulerTimer0.obj           185     0                  0                 
       rt_nonfinite.obj                     146     0                  12                
       F2837xD_CpuTimers.obj                124     0                  24                
       MW_c28xx_csl.obj                     90      0                  0                 
       MW_c28xx_pwm.obj                     70      0                  0                 
       rtGetInf.obj                         68      0                  0                 
       MW_c28xx_i2c.obj                     56      0                  0                 
       MW_c28xGPIO.obj                      49      4                  1                 
       rtGetNaN.obj                         42      2                  0                 
       F2837xD_PieCtrl.obj                  40      0                  0                 
       MW_c28xGlobalInterrupts.obj          20      4                  1                 
       F2837xD_CodeStartBranch.obj          10      0                  0                 
       F2837xD_usDelay.obj                  8       0                  0                 
       sysctl.obj                           8       0                  0                 
       memcpy_fast.obj                      7       0                  0                 
    +--+------------------------------------+-------+------------------+--------------------+
       Total:                               16118   2578               10691             
                                                                                         
    C:/PROGRA~3/MATLAB/tic2000/3P778C~1.INS/TIC28X~1.INS/TI-CGT~1.LTS/lib/rts2800_fpu32.lib
       s_floorf.c.obj                       89      2                  0                 
       boot28.asm.obj                       86      0                  0                 
       exit.c.obj                           41      14                 6                 
       cpy_tbl.c.obj                        36      0                  0                 
       memcpy.c.obj                         29      0                  0                 
       _lock.c.obj                          9       10                 4                 
       args_main.c.obj                      18      0                  0                 
       memset.c.obj                         7       0                  0                 
       pre_init.c.obj                       2       0                  0                 
       startup.c.obj                        1       0                  0                 
    +--+------------------------------------+-------+------------------+--------------------+
       Total:                               318     26                 10                
                                                                                         
       Stack:                               0       0                  1024              
    +--+------------------------------------+-------+------------------+--------------------+
       Grand Total:                         16436   2604               11725             


GLOBAL DATA SYMBOLS: SORTED BY DATA PAGE

address     data page           name
--------    ----------------    ----
00000122       4 (00000100)     __stack

00000b00      2c (00000b00)     _AdcaResultRegs
00000b20      2c (00000b00)     _AdcbResultRegs

00000b40      2d (00000b40)     _AdccResultRegs
00000b60      2d (00000b40)     _AdcdResultRegs

00000c00      30 (00000c00)     _CpuTimer0Regs
00000c08      30 (00000c00)     _CpuTimer1Regs
00000c10      30 (00000c00)     _CpuTimer2Regs

00000ce0      33 (00000cc0)     _PieCtrlRegs

00000d00      34 (00000d00)     _PieVectTable

00001000      40 (00001000)     _DmaRegs

00001400      50 (00001400)     _Cla1Regs

00003000      c0 (00003000)     _Clb1LogicCfgRegs

00003100      c4 (00003100)     _Clb1LogicCtrlRegs

00003200      c8 (00003200)     _Clb1DataExchRegs

00003400      d0 (00003400)     _Clb2LogicCfgRegs

00003500      d4 (00003500)     _Clb2LogicCtrlRegs

00003600      d8 (00003600)     _Clb2DataExchRegs

00003800      e0 (00003800)     _Clb3LogicCfgRegs

00003900      e4 (00003900)     _Clb3LogicCtrlRegs

00003a00      e8 (00003a00)     _Clb3DataExchRegs

00003c00      f0 (00003c00)     _Clb4LogicCfgRegs

00003d00      f4 (00003d00)     _Clb4LogicCtrlRegs

00003e00      f8 (00003e00)     _Clb4DataExchRegs

00004000     100 (00004000)     _EPwm1Regs

00004100     104 (00004100)     _EPwm2Regs

00004200     108 (00004200)     _EPwm3Regs

00004300     10c (00004300)     _EPwm4Regs

00004400     110 (00004400)     _EPwm5Regs

00004500     114 (00004500)     _EPwm6Regs

00004600     118 (00004600)     _EPwm7Regs

00004700     11c (00004700)     _EPwm8Regs

00004800     120 (00004800)     _EPwm9Regs

00004900     124 (00004900)     _EPwm10Regs

00004a00     128 (00004a00)     _EPwm11Regs

00004b00     12c (00004b00)     _EPwm12Regs

00005000     140 (00005000)     _ECap1Regs
00005020     140 (00005000)     _ECap2Regs

00005040     141 (00005040)     _ECap3Regs
00005060     141 (00005040)     _ECap4Regs

00005080     142 (00005080)     _ECap5Regs
000050a0     142 (00005080)     _ECap6Regs

00005100     144 (00005100)     _EQep1Regs

00005140     145 (00005140)     _EQep2Regs

00005180     146 (00005180)     _EQep3Regs

00005c00     170 (00005c00)     _DacaRegs
00005c10     170 (00005c00)     _DacbRegs
00005c20     170 (00005c00)     _DaccRegs

00005c80     172 (00005c80)     _Cmpss1Regs
00005ca0     172 (00005c80)     _Cmpss2Regs

00005cc0     173 (00005cc0)     _Cmpss3Regs
00005ce0     173 (00005cc0)     _Cmpss4Regs

00005d00     174 (00005d00)     _Cmpss5Regs
00005d20     174 (00005d00)     _Cmpss6Regs

00005d40     175 (00005d40)     _Cmpss7Regs
00005d60     175 (00005d40)     _Cmpss8Regs

00005e00     178 (00005e00)     _Sdfm1Regs

00005e80     17a (00005e80)     _Sdfm2Regs

00006000     180 (00006000)     _McbspaRegs

00006040     181 (00006040)     _McbspbRegs

00006100     184 (00006100)     _SpiaRegs
00006110     184 (00006100)     _SpibRegs
00006120     184 (00006100)     _SpicRegs

00006200     188 (00006200)     _UppRegs

00007000     1c0 (00007000)     _WdRegs

00007060     1c1 (00007040)     _NmiIntruptRegs
00007070     1c1 (00007040)     _XintRegs

00007200     1c8 (00007200)     _SciaRegs
00007210     1c8 (00007200)     _ScibRegs
00007220     1c8 (00007200)     _ScicRegs
00007230     1c8 (00007200)     _ScidRegs

00007300     1cc (00007300)     _I2caRegs

00007340     1cd (00007340)     _I2cbRegs

00007400     1d0 (00007400)     _AdcaRegs

00007480     1d2 (00007480)     _AdcbRegs

00007500     1d4 (00007500)     _AdccRegs

00007580     1d6 (00007580)     _AdcdRegs

00007900     1e4 (00007900)     _InputXbarRegs
00007920     1e4 (00007900)     _XbarRegs

00007940     1e5 (00007940)     _SyncSocRegs

00007980     1e6 (00007980)     _DmaClaSrcSelRegs

00007a00     1e8 (00007a00)     _EPwmXbarRegs

00007a40     1e9 (00007a40)     _ClbXbarRegs

00007a80     1ea (00007a80)     _OutputXbarRegs

00007c00     1f0 (00007c00)     _GpioCtrlRegs

00007f00     1fc (00007f00)     _GpioDataRegs

0000e000     380 (0000e000)     _MW_adcCInitFlag
0000e001     380 (0000e000)     _MW_adcBInitFlag

0000e040     381 (0000e040)     _mcb_pmsm_foc_test_f28379d_DW

0000e100     384 (0000e100)     _mcb_pmsm_foc_test_f28379d_B

0000e2ec     38b (0000e2c0)     _rtInf
0000e2ee     38b (0000e2c0)     _rtMinusInf
0000e2f0     38b (0000e2c0)     _rtNaN
0000e2f2     38b (0000e2c0)     _rtInfF
0000e2f4     38b (0000e2c0)     _rtMinusInfF
0000e2f6     38b (0000e2c0)     _rtNaNF
0000e2f8     38b (0000e2c0)     _ErrorFlag
0000e2fa     38b (0000e2c0)     _CIPC0_INT_fptr
0000e2fc     38b (0000e2c0)     _mwInitStart
0000e2fe     38b (0000e2c0)     _mwInitEnd

0000e300     38c (0000e300)     _CpuTimer0
0000e308     38c (0000e300)     _CpuTimer1
0000e310     38c (0000e300)     _CpuTimer2
0000e318     38c (0000e300)     _mySpi
0000e330     38c (0000e300)     ___TI_enable_exit_profile_output
0000e332     38c (0000e300)     ___TI_cleanup_ptr
0000e334     38c (0000e300)     ___TI_dtors_ptr
0000e336     38c (0000e300)     _checkSCITransmitInProgressA
0000e337     38c (0000e300)     _frameA1Transmitted
0000e338     38c (0000e300)     _frameA1Count
0000e33a     38c (0000e300)     _SPI_oneTimeInit
0000e33e     38c (0000e300)     __lock

0000e340     38d (0000e340)     _isRateRunning
0000e344     38d (0000e340)     _need2runFlags
0000e348     38d (0000e340)     _IsrOverrun
0000e349     38d (0000e340)     _stopRequested
0000e34a     38d (0000e340)     _runModel
0000e34b     38d (0000e340)     _GPIO_oneTimeInit
0000e34c     38d (0000e340)     __unlock
0000e34e     38d (0000e340)     _MW_InterruptDisableLock

00047000    11c0 (00047000)     _Emif1Regs

00047800    11e0 (00047800)     _Emif2Regs

00048000    1200 (00048000)     _CanaRegs

0004a000    1280 (0004a000)     _CanbRegs

00050000    1400 (00050000)     _IpcRegs
00050024    1400 (00050000)     _FlashPumpSemaphoreRegs

0005d000    1740 (0005d000)     _DevCfgRegs

0005d180    1746 (0005d180)     _AnalogSubsysRegs

0005d200    1748 (0005d200)     _ClkCfgRegs

0005d300    174c (0005d300)     _CpuSysRegs

0005e608    1798 (0005e600)     _RomPrefetchRegs

0005f000    17c0 (0005f000)     _DcsmZ1Regs

0005f040    17c1 (0005f040)     _DcsmZ2Regs
0005f070    17c1 (0005f040)     _DcsmCommonRegs

0005f400    17d0 (0005f400)     _MemCfgRegs

0005f480    17d2 (0005f480)     _Emif1ConfigRegs
0005f4a0    17d2 (0005f480)     _Emif2ConfigRegs

0005f4c0    17d3 (0005f4c0)     _AccessProtectionRegs

0005f500    17d4 (0005f500)     _MemoryErrorRegs

0005f540    17d5 (0005f540)     _RomWaitStateRegs

0005f800    17e0 (0005f800)     _Flash0CtrlRegs

0005fb00    17ec (0005fb00)     _Flash0EccRegs

00082da8    20b6 (00082d80)     _mcb_pmsm_foc_test_f28379_ConstP

0008357c    20d5 (00083540)     _PieVectTableInit

0008373e    20dc (00083700)     _mcb_pmsm_foc_test_f28379_ConstB

00083740    20dd (00083740)     _mcb_pmsm_foc_test_f28379d_M


GLOBAL SYMBOLS: SORTED ALPHABETICALLY BY Name 

page  address   name                                               
----  -------   ----                                               
0     00080004  .text                                              
0     00082ca8  C$$EXIT                                            
0     00080e8a  _ADCA1_ISR                                         
0     0008110a  _ADCA2_ISR                                         
0     00081114  _ADCA3_ISR                                         
0     0008111e  _ADCA4_ISR                                         
0     00081100  _ADCA_EVT_ISR                                      
0     0008214c  _ADCB1_INT                                         
0     00080e94  _ADCB1_ISR                                         
0     00081132  _ADCB2_ISR                                         
0     0008113c  _ADCB3_ISR                                         
0     00081146  _ADCB4_ISR                                         
0     00081128  _ADCB_EVT_ISR                                      
0     00080e9e  _ADCC1_ISR                                         
0     0008129a  _ADCC2_ISR                                         
0     000812a4  _ADCC3_ISR                                         
0     000812ae  _ADCC4_ISR                                         
0     00081290  _ADCC_EVT_ISR                                      
0     00080ebc  _ADCD1_ISR                                         
0     000812c2  _ADCD2_ISR                                         
0     000812cc  _ADCD3_ISR                                         
0     000812d6  _ADCD4_ISR                                         
0     000812b8  _ADCD_EVT_ISR                                      
0     00081312  _AUX_PLL_SLIP_ISR                                  
1     0005f4c0  _AccessProtectionRegs                              
0     000823bd  _AdcSetMode                                        
1     00007400  _AdcaRegs                                          
1     00000b00  _AdcaResultRegs                                    
1     00007480  _AdcbRegs                                          
1     00000b20  _AdcbResultRegs                                    
1     00007500  _AdccRegs                                          
1     00000b40  _AdccResultRegs                                    
1     00007580  _AdcdRegs                                          
1     00000b60  _AdcdResultRegs                                    
1     0005d180  _AnalogSubsysRegs                                  
0     0008178a  _AuxAuxClkSel                                      
0     00081774  _AuxIntOsc2Sel                                     
0     0008177e  _AuxXtalOscSel                                     
0     000810d8  _CANA0_ISR                                         
0     000810e2  _CANA1_ISR                                         
0     000810ec  _CANB0_ISR                                         
0     000810f6  _CANB1_ISR                                         
1     0000e2fa  _CIPC0_INT_fptr                                    
0     00081150  _CLA1_1_ISR                                        
0     0008115a  _CLA1_2_ISR                                        
0     00081164  _CLA1_3_ISR                                        
0     0008116e  _CLA1_4_ISR                                        
0     00081178  _CLA1_5_ISR                                        
0     00081182  _CLA1_6_ISR                                        
0     0008118c  _CLA1_7_ISR                                        
0     00081196  _CLA1_8_ISR                                        
0     0008131c  _CLA_OVERFLOW_ISR                                  
0     00081326  _CLA_UNDERFLOW_ISR                                 
0     000824ad  _CPU02toCPU01IPC0IntHandler                        
0     00082473  _CalAdcINL                                         
1     00048000  _CanaRegs                                          
1     0004a000  _CanbRegs                                          
1     00001400  _Cla1Regs                                          
1     00003200  _Clb1DataExchRegs                                  
1     00003000  _Clb1LogicCfgRegs                                  
1     00003100  _Clb1LogicCtrlRegs                                 
1     00003600  _Clb2DataExchRegs                                  
1     00003400  _Clb2LogicCfgRegs                                  
1     00003500  _Clb2LogicCtrlRegs                                 
1     00003a00  _Clb3DataExchRegs                                  
1     00003800  _Clb3LogicCfgRegs                                  
1     00003900  _Clb3LogicCtrlRegs                                 
1     00003e00  _Clb4DataExchRegs                                  
1     00003c00  _Clb4LogicCfgRegs                                  
1     00003d00  _Clb4LogicCtrlRegs                                 
1     00007a40  _ClbXbarRegs                                       
1     0005d200  _ClkCfgRegs                                        
1     00005c80  _Cmpss1Regs                                        
1     00005ca0  _Cmpss2Regs                                        
1     00005cc0  _Cmpss3Regs                                        
1     00005ce0  _Cmpss4Regs                                        
1     00005d00  _Cmpss5Regs                                        
1     00005d20  _Cmpss6Regs                                        
1     00005d40  _Cmpss7Regs                                        
1     00005d60  _Cmpss8Regs                                        
0     0008298e  _ConfigCpuTimer                                    
0     000817de  _ConfigureTMXAnalogTrim                            
1     0005d300  _CpuSysRegs                                        
1     0000e300  _CpuTimer0                                         
1     00000c00  _CpuTimer0Regs                                     
1     0000e308  _CpuTimer1                                         
1     00000c08  _CpuTimer1Regs                                     
1     0000e310  _CpuTimer2                                         
1     00000c10  _CpuTimer2Regs                                     
0     0008171f  _CsmUnlock                                         
0     00080de0  _DATALOG_ISR                                       
0     00081024  _DMA_CH1_ISR                                       
0     0008102e  _DMA_CH2_ISR                                       
0     00081038  _DMA_CH3_ISR                                       
0     00081042  _DMA_CH4_ISR                                       
0     0008104c  _DMA_CH5_ISR                                       
0     00081056  _DMA_CH6_ISR                                       
1     00005c00  _DacaRegs                                          
1     00005c10  _DacbRegs                                          
1     00005c20  _DaccRegs                                          
1     0005f070  _DcsmCommonRegs                                    
1     0005f000  _DcsmZ1Regs                                        
1     0005f040  _DcsmZ2Regs                                        
0     00081ace  _DelayLoop                                         
1     0005d000  _DevCfgRegs                                        
0     00081434  _DisableDog                                        
0     000813f5  _DisablePeripheralClocks                           
1     00007980  _DmaClaSrcSelRegs                                  
1     00001000  _DmaRegs                                           
0     00080f7a  _ECAP1_ISR                                         
0     00080f84  _ECAP2_ISR                                         
0     00080f8e  _ECAP3_ISR                                         
0     00080f98  _ECAP4_ISR                                         
0     00080fa2  _ECAP5_ISR                                         
0     00080fac  _ECAP6_ISR                                         
1     00005000  _ECap1Regs                                         
1     00005020  _ECap2Regs                                         
1     00005040  _ECap3Regs                                         
1     00005060  _ECap4Regs                                         
1     00005080  _ECap5Regs                                         
1     000050a0  _ECap6Regs                                         
0     000812e0  _EMIF_ERROR_ISR                                    
0     0008133a  _EMPTY_ISR                                         
0     00080df4  _EMU_ISR                                           
0     00081236  _EPWM10_ISR                                        
0     0008120e  _EPWM10_TZ_ISR                                     
0     00081240  _EPWM11_ISR                                        
0     00081218  _EPWM11_TZ_ISR                                     
0     0008124a  _EPWM12_ISR                                        
0     00081222  _EPWM12_TZ_ISR                                     
0     00080f2a  _EPWM1_ISR                                         
0     00080eda  _EPWM1_TZ_ISR                                      
0     00080f34  _EPWM2_ISR                                         
0     00080ee4  _EPWM2_TZ_ISR                                      
0     00080f3e  _EPWM3_ISR                                         
0     00080eee  _EPWM3_TZ_ISR                                      
0     00080f48  _EPWM4_ISR                                         
0     00080ef8  _EPWM4_TZ_ISR                                      
0     00080f52  _EPWM5_ISR                                         
0     00080f02  _EPWM5_TZ_ISR                                      
0     00080f5c  _EPWM6_ISR                                         
0     00080f0c  _EPWM6_TZ_ISR                                      
0     00080f66  _EPWM7_ISR                                         
0     00080f16  _EPWM7_TZ_ISR                                      
0     00080f70  _EPWM8_ISR                                         
0     00080f20  _EPWM8_TZ_ISR                                      
0     0008122c  _EPWM9_ISR                                         
0     00081204  _EPWM9_TZ_ISR                                      
1     00004900  _EPwm10Regs                                        
1     00004a00  _EPwm11Regs                                        
1     00004b00  _EPwm12Regs                                        
1     00004000  _EPwm1Regs                                         
1     00004100  _EPwm2Regs                                         
1     00004200  _EPwm3Regs                                         
1     00004300  _EPwm4Regs                                         
1     00004400  _EPwm5Regs                                         
1     00004500  _EPwm6Regs                                         
1     00004600  _EPwm7Regs                                         
1     00004700  _EPwm8Regs                                         
1     00004800  _EPwm9Regs                                         
1     00007a00  _EPwmXbarRegs                                      
0     00080fb6  _EQEP1_ISR                                         
0     00080fc0  _EQEP2_ISR                                         
0     00080fca  _EQEP3_ISR                                         
1     00005100  _EQep1Regs                                         
1     00005140  _EQep2Regs                                         
1     00005180  _EQep3Regs                                         
1     0005f480  _Emif1ConfigRegs                                   
1     00047000  _Emif1Regs                                         
1     0005f4a0  _Emif2ConfigRegs                                   
1     00047800  _Emif2Regs                                         
0     00082cf0  _EnableInterrupts                                  
1     0000e2f8  _ErrorFlag                                         
0     0000893f  _F28x_usDelay                                      
0     000812f4  _FLASH_CORRECTABLE_ERROR_ISR                       
0     000811c8  _FPU_OVERFLOW_ISR                                  
0     000811d2  _FPU_UNDERFLOW_ISR                                 
1     0005f800  _Flash0CtrlRegs                                    
1     0005fb00  _Flash0EccRegs                                     
0     00008931  _FlashOff                                          
1     00050024  _FlashPumpSemaphoreRegs                            
0     00081f69  _GPIO_EnableUnbondedIOPullups                      
0     00081f44  _GPIO_EnableUnbondedIOPullupsFor100Pin             
0     00081f2b  _GPIO_EnableUnbondedIOPullupsFor176Pin             
0     00081f7f  _GPIO_ReadPin                                      
0     00081ed0  _GPIO_SetupLock                                    
0     00081db0  _GPIO_SetupPinMux                                  
0     00081e3c  _GPIO_SetupPinOptions                              
0     00081ef9  _GPIO_SetupXINT1Gpio                               
0     00081f03  _GPIO_SetupXINT2Gpio                               
0     00081f0d  _GPIO_SetupXINT3Gpio                               
0     00081f17  _GPIO_SetupXINT4Gpio                               
0     00081f21  _GPIO_SetupXINT5Gpio                               
0     00082c58  _GPIO_TogglePin                                    
0     00081f96  _GPIO_WritePin                                     
1     0000e34b  _GPIO_oneTimeInit                                  
1     00007c00  _GpioCtrlRegs                                      
1     00007f00  _GpioDataRegs                                      
0     000817a8  _HALT                                              
0     000817c1  _HIB                                               
0     00080daf  _HWI_TIC28x_AcknowledgeIrq                         
0     00080764  _HWI_TIC28x_ConfigureIRQ                           
0     000809b6  _HWI_TIC28x_DisableIRQ                             
0     0008077d  _HWI_TIC28x_EnableIRQ                              
0     00080c06  _HWI_TIC28x_EnablePendingIRQ                       
0     0008106a  _I2CA_FIFO_ISR                                     
0     00081060  _I2CA_ISR                                          
0     0008107e  _I2CB_FIFO_ISR                                     
0     00081074  _I2CB_ISR                                          
1     00007300  _I2caRegs                                          
1     00007340  _I2cbRegs                                          
0     00081794  _IDLE                                              
0     00080e08  _ILLEGAL_ISR                                       
0     000811dc  _IPC0_ISR                                          
0     000811e6  _IPC1_ISR                                          
0     000811f0  _IPC2_ISR                                          
0     000811fa  _IPC3_ISR                                          
0     0008188d  _IPCLiteLtoRClearBits                              
0     000818b7  _IPCLiteLtoRClearBits_Protected                    
0     00081816  _IPCLiteLtoRDataRead                               
0     000818e1  _IPCLiteLtoRDataWrite                              
0     00081906  _IPCLiteLtoRDataWrite_Protected                    
0     0008192b  _IPCLiteLtoRFunctionCall                           
0     000817fb  _IPCLiteLtoRGetResult                              
0     00081839  _IPCLiteLtoRSetBits                                
0     00081863  _IPCLiteLtoRSetBits_Protected                      
0     00081947  _IPCLiteReqMemAccess                               
0     000819f1  _IPCLiteRtoLClearBits                              
0     00081a21  _IPCLiteRtoLClearBits_Protected                    
0     0008196b  _IPCLiteRtoLDataRead                               
0     00081a54  _IPCLiteRtoLDataWrite                              
0     00081a81  _IPCLiteRtoLDataWrite_Protected                    
0     00081ab1  _IPCLiteRtoLFunctionCall                           
0     00081992  _IPCLiteRtoLSetBits                                
0     000819c0  _IPCLiteRtoLSetBits_Protected                      
0     00082881  _InitAdcB                                          
0     0008289e  _InitAdcC                                          
0     00081630  _InitAuxPll                                        
0     0008294d  _InitCpuTimers                                     
0     00008908  _InitFlash                                         
0     00081d70  _InitGpio                                          
0     00081371  _InitPeripheralClocks                              
0     00082cd1  _InitPieCtrl                                       
0     00082cf9  _InitPieVectTable                                  
0     00081351  _InitSysCtrl                                       
0     00081442  _InitSysPll                                        
1     00007900  _InputXbarRegs                                     
1     00050000  _IpcRegs                                           
1     0000e348  _IsrOverrun                                        
0     00080ffc  _MCBSPA_RX_ISR                                     
0     00081006  _MCBSPA_TX_ISR                                     
0     00081010  _MCBSPB_RX_ISR                                     
0     0008101a  _MCBSPB_TX_ISR                                     
1     0000e34e  _MW_InterruptDisableLock                           
0     0008411f  _MW_RamfuncsLoadEnd                                
abs   0000003f  _MW_RamfuncsLoadSize                               
0     000840e0  _MW_RamfuncsLoadStart                              
0     00008947  _MW_RamfuncsRunEnd                                 
abs   0000003f  _MW_RamfuncsRunSize                                
0     00008908  _MW_RamfuncsRunStart                               
0     0008273a  _MW_SPI_Close                                      
0     00082735  _MW_SPI_GetStatus                                  
0     000826e5  _MW_SPI_MasterWriteRead_8bits                      
0     00082673  _MW_SPI_Open                                       
0     000826d8  _MW_SPI_SetBusSpeed                                
0     00082689  _MW_SPI_SetFormat                                  
0     000826de  _MW_SPI_SetSlaveSelect                             
0     0008272e  _MW_SPI_SlaveWriteRead_8bits                       
1     0000e001  _MW_adcBInitFlag                                   
1     0000e000  _MW_adcCInitFlag                                   
1     00006000  _McbspaRegs                                        
1     00006040  _McbspbRegs                                        
1     0005f400  _MemCfgRegs                                        
1     0005f500  _MemoryErrorRegs                                   
0     00080dfe  _NMI_ISR                                           
0     00081347  _NOTUSED_ISR                                       
1     00007060  _NmiIntruptRegs                                    
0     00082c4d  _OneTimeGpioInit                                   
1     00007a80  _OutputXbarRegs                                    
0     00081330  _PIE_RESERVED_ISR                                  
1     00000ce0  _PieCtrlRegs                                       
1     00000d00  _PieVectTable                                      
0     0008357c  _PieVectTableInit                                  
0     000812fe  _RAM_ACCESS_VIOLATION_ISR                          
0     000812ea  _RAM_CORRECTABLE_ERROR_ISR                         
0     00080dea  _RTOS_ISR                                          
0     0008404c  _RamfuncsLoadEnd                                   
abs   00000908  _RamfuncsLoadSize                                  
0     00083744  _RamfuncsLoadStart                                 
0     00008908  _RamfuncsRunEnd                                    
abs   00000908  _RamfuncsRunSize                                   
0     00008000  _RamfuncsRunStart                                  
0     0008141c  _ReleaseFlashPump                                  
1     0005e608  _RomPrefetchRegs                                   
1     0005f540  _RomWaitStateRegs                                  
0     000821e3  _SCIA_RX_INT                                       
0     000810b0  _SCIA_RX_ISR                                       
0     000810ba  _SCIA_TX_ISR                                       
0     000810c4  _SCIB_RX_ISR                                       
0     000810ce  _SCIB_TX_ISR                                       
0     00081088  _SCIC_RX_ISR                                       
0     00081092  _SCIC_TX_ISR                                       
0     0008109c  _SCID_RX_ISR                                       
0     000810a6  _SCID_TX_ISR                                       
0     00081254  _SD1_ISR                                           
0     0008125e  _SD2_ISR                                           
0     00080fd4  _SPIA_RX_ISR                                       
0     00080fde  _SPIA_TX_ISR                                       
0     00080fe8  _SPIB_RX_ISR                                       
0     00080ff2  _SPIB_TX_ISR                                       
0     00081268  _SPIC_RX_ISR                                       
0     00081272  _SPIC_TX_ISR                                       
0     00082358  _SPI_clockFormat                                   
0     00082295  _SPI_init                                          
1     0000e33a  _SPI_oneTimeInit                                   
0     00082373  _SPI_status                                        
0     0008179d  _STANDBY                                           
0     00081308  _SYS_PLL_SLIP_ISR                                  
1     00007200  _SciaRegs                                          
1     00007210  _ScibRegs                                          
1     00007220  _ScicRegs                                          
1     00007230  _ScidRegs                                          
1     00005e00  _Sdfm1Regs                                         
1     00005e80  _Sdfm2Regs                                         
0     0008140d  _SeizeFlashPump                                    
0     00081426  _ServiceDog                                        
0     00082c70  _Set_GPIOPin                                       
1     00006100  _SpiaRegs                                          
1     00006110  _SpibRegs                                          
1     00006120  _SpicRegs                                          
1     00007940  _SyncSocRegs                                       
0     00008943  _SysCtl_delay                                      
0     00081740  _SysIntOsc1Sel                                     
0     00081750  _SysIntOsc2Sel                                     
0     00081764  _SysXtalOscSel                                     
0     00080ec6  _TIMER0_ISR                                        
0     00080dcc  _TIMER1_ISR                                        
0     00080dd6  _TIMER2_ISR                                        
0     00082b41  _TINT0_isr                                         
0     0008127c  _UPPA_ISR                                          
0     00081286  _USBA_ISR                                          
0     00080e6c  _USER10_ISR                                        
0     00080e76  _USER11_ISR                                        
0     00080e80  _USER12_ISR                                        
0     00080e12  _USER1_ISR                                         
0     00080e1c  _USER2_ISR                                         
0     00080e26  _USER3_ISR                                         
0     00080e30  _USER4_ISR                                         
0     00080e3a  _USER5_ISR                                         
0     00080e44  _USER6_ISR                                         
0     00080e4e  _USER7_ISR                                         
0     00080e58  _USER8_ISR                                         
0     00080e62  _USER9_ISR                                         
1     00006200  _UppRegs                                           
0     000811be  _VCU_ISR                                           
0     00080ed0  _WAKE_ISR                                          
1     00007000  _WdRegs                                            
0     00080ea8  _XINT1_ISR                                         
0     00080eb2  _XINT2_ISR                                         
0     000811a0  _XINT3_ISR                                         
0     000811aa  _XINT4_ISR                                         
0     000811b4  _XINT5_ISR                                         
1     00007920  _XbarRegs                                          
1     00007070  _XintRegs                                          
1     00000522  __STACK_END                                        
abs   00000400  __STACK_SIZE                                       
1     0000e332  ___TI_cleanup_ptr                                  
1     0000e334  ___TI_dtors_ptr                                    
1     0000e330  ___TI_enable_exit_profile_output                   
abs   ffffffff  ___TI_pprof_out_hndl                               
abs   ffffffff  ___TI_prof_data_size                               
abs   ffffffff  ___TI_prof_data_start                              
abs   ffffffff  ___binit__                                         
abs   ffffffff  ___c_args__                                        
0     0008404c  ___cinit__                                         
0     00082da8  ___etext__                                         
abs   ffffffff  ___pinit__                                         
0     00080004  ___text__                                          
0     00082d74  __args_main                                        
1     0000e33e  __lock                                             
0     00082d8e  __nop                                              
0     00082d8a  __register_lock                                    
0     00082d86  __register_unlock                                  
1     00000122  __stack                                            
0     00082da7  __system_post_cinit                                
0     00082da5  __system_pre_init                                  
1     0000e34c  __unlock                                           
0     00082ca8  _abort                                             
0     00081ad5  _c2000_flash_init                                  
0     00082aeb  _c_int00                                           
1     0000e336  _checkSCITransmitInProgressA                       
0     0008283b  _config_ADCB_SOC0                                  
0     0008281d  _config_ADCB_SOC2                                  
0     00082861  _config_ADCC_SOC0                                  
0     000827ff  _config_ADCC_SOC2                                  
0     00082bc3  _config_ePWMSyncSource                             
0     00082b8b  _config_ePWM_GPIO                                  
0     00082bbb  _config_ePWM_TBSync                                
0     000829c9  _configureTimer0                                   
0     00082d1f  _copy_in                                           
0     00082a15  _disableTimer0Interrupt                            
0     00082a38  _disableWatchdog                                   
0     00082a0b  _enableTimer0Interrupt                             
0     00082caa  _exit                                              
0     00082a92  _floor                                             
0     00082a92  _floorf                                            
1     0000e338  _frameA1Count                                      
1     0000e337  _frameA1Transmitted                                
0     00082d6c  _globalInterruptDisable                            
0     00082d60  _globalInterruptEnable                             
0     00081aee  _initSetGPIOIPC                                    
0     00082c2b  _init_I2C_A                                        
0     00082c15  _init_I2C_GPIO                                     
0     00082a43  _init_SCI                                          
0     00082144  _init_SCIFrame                                     
0     00082a7e  _init_SCI_GPIO                                     
0     0008273f  _init_board                                        
1     0000e340  _isRateRunning                                     
0     00082624  _main                                              
0     000802ab  _mcb__SPIMasterTransfer_Init                       
0     000802f9  _mcb__SPIMasterTransfer_Term                       
0     00080290  _mcb_pm_CurrentControl_Reset                       
0     0008009f  _mcb_pms_CurrentControl_Init                       
0     0008006d  _mcb_pmsm_IfActionSubsystem1                       
0     0008004f  _mcb_pmsm__IfActionSubsystem                       
0     000802d4  _mcb_pmsm__SPIMasterTransfer                       
0     00008000  _mcb_pmsm_foc_CurrentControl                       
0     00080315  _mcb_pmsm_foc_t_SpeedControl                       
0     00080094  _mcb_pmsm_foc_tes_Subsystem1                       
0     00080089  _mcb_pmsm_foc_test_Subsystem                       
0     00080049  _mcb_pmsm_foc_test__Delay1ms                       
0     0008373e  _mcb_pmsm_foc_test_f28379_ConstB                   
0     00082da8  _mcb_pmsm_foc_test_f28379_ConstP                   
1     0000e100  _mcb_pmsm_foc_test_f28379d_B                       
1     0000e040  _mcb_pmsm_foc_test_f28379d_DW                      
0     00083740  _mcb_pmsm_foc_test_f28379d_M                       
0     0008000d  _mcb_pmsm_foc_test_f28379d_SetEventsForThisBaseStep
0     0008074a  _mcb_pmsm_foc_test_f28379d_configure_interrupts    
0     0008050d  _mcb_pmsm_foc_test_f28379d_initialize              
0     0008035e  _mcb_pmsm_foc_test_f28379d_step0                   
0     000803c9  _mcb_pmsm_foc_test_f28379d_step1                   
0     000804a1  _mcb_pmsm_foc_test_f28379d_step2                   
0     00080508  _mcb_pmsm_foc_test_f28379d_step3                   
0     00080741  _mcb_pmsm_foc_test_f28379d_terminate               
0     0008075d  _mcb_pmsm_foc_test_f28379d_unconfigure_interrupts  
0     00082d43  _memcpy                                            
0     00082d97  _memcpy_fast                                       
0     00082d9e  _memset                                            
1     0000e2fe  _mwInitEnd                                         
1     0000e2fc  _mwInitStart                                       
1     0000e318  _mySpi                                             
1     0000e344  _need2runFlags                                     
0     00082a2d  _restoreTimer0Interrupt                            
0     00082bd1  _rtGetInf                                          
0     00082bea  _rtGetInfF                                         
0     00082bf3  _rtGetMinusInf                                     
0     00082c0c  _rtGetMinusInfF                                    
0     00082c7e  _rtGetNaN                                          
0     00082c97  _rtGetNaNF                                         
1     0000e2ec  _rtInf                                             
1     0000e2f2  _rtInfF                                            
0     000828e3  _rtIsInf                                           
0     000828fb  _rtIsInfF                                          
0     00082913  _rtIsNaN                                           
0     00082936  _rtIsNaNF                                          
1     0000e2ee  _rtMinusInf                                        
1     0000e2f4  _rtMinusInfF                                       
1     0000e2f0  _rtNaN                                             
1     0000e2f6  _rtNaNF                                            
0     000828bb  _rt_InitInfAndNaN                                  
0     0008259d  _rt_OneStep                                        
1     0000e34a  _runModel                                          
0     00081ffb  _scia_rcv                                          
0     0008207b  _scia_rcv_varsize                                  
0     00081fb4  _scia_xmit                                         
0     00081cfe  _setCLBXBARForCPU2                                 
0     00081ca6  _setEpwmXBARForCPU2                                
0     00081b7d  _setGPIOForCPU2                                    
0     00081bd0  _setInXBARForCPU2                                  
0     00081c39  _setOutXBARForCPU2                                 
0     00081d51  _setSyncSocRegsForCPU2                             
1     0000e349  _stopRequested                                     
[...]
0     0008179d  _STANDBY                                           
0     000817a8  _HALT                                              
0     000817c1  _HIB                                               
0     000817de  _ConfigureTMXAnalogTrim                            
0     000817fb  _IPCLiteLtoRGetResult                              
0     00081816  _IPCLiteLtoRDataRead                               
0     00081839  _IPCLiteLtoRSetBits                                
0     00081863  _IPCLiteLtoRSetBits_Protected                      
0     0008188d  _IPCLiteLtoRClearBits                              
0     000818b7  _IPCLiteLtoRClearBits_Protected                    
0     000818e1  _IPCLiteLtoRDataWrite                              
0     00081906  _IPCLiteLtoRDataWrite_Protected                    
0     0008192b  _IPCLiteLtoRFunctionCall                           
0     00081947  _IPCLiteReqMemAccess                               
0     0008196b  _IPCLiteRtoLDataRead                               
0     00081992  _IPCLiteRtoLSetBits                                
0     000819c0  _IPCLiteRtoLSetBits_Protected                      
0     000819f1  _IPCLiteRtoLClearBits                              
0     00081a21  _IPCLiteRtoLClearBits_Protected                    
0     00081a54  _IPCLiteRtoLDataWrite                              
0     00081a81  _IPCLiteRtoLDataWrite_Protected                    
0     00081ab1  _IPCLiteRtoLFunctionCall                           
0     00081ace  _DelayLoop                                         
0     00081ad5  _c2000_flash_init                                  
0     00081aee  _initSetGPIOIPC                                    
0     00081b7d  _setGPIOForCPU2                                    
0     00081bd0  _setInXBARForCPU2                                  
0     00081c39  _setOutXBARForCPU2                                 
0     00081ca6  _setEpwmXBARForCPU2                                
0     00081cfe  _setCLBXBARForCPU2                                 
0     00081d51  _setSyncSocRegsForCPU2                             
0     00081d70  _InitGpio                                          
0     00081db0  _GPIO_SetupPinMux                                  
0     00081e3c  _GPIO_SetupPinOptions                              
0     00081ed0  _GPIO_SetupLock                                    
0     00081ef9  _GPIO_SetupXINT1Gpio                               
0     00081f03  _GPIO_SetupXINT2Gpio                               
0     00081f0d  _GPIO_SetupXINT3Gpio                               
0     00081f17  _GPIO_SetupXINT4Gpio                               
0     00081f21  _GPIO_SetupXINT5Gpio                               
0     00081f2b  _GPIO_EnableUnbondedIOPullupsFor176Pin             
0     00081f44  _GPIO_EnableUnbondedIOPullupsFor100Pin             
0     00081f69  _GPIO_EnableUnbondedIOPullups                      
0     00081f7f  _GPIO_ReadPin                                      
0     00081f96  _GPIO_WritePin                                     
0     00081fb4  _scia_xmit                                         
0     00081ffb  _scia_rcv                                          
0     0008207b  _scia_rcv_varsize                                  
0     00082144  _init_SCIFrame                                     
0     0008214c  _ADCB1_INT                                         
0     000821e3  _SCIA_RX_INT                                       
0     00082295  _SPI_init                                          
0     00082358  _SPI_clockFormat                                   
0     00082373  _SPI_status                                        
0     000823bd  _AdcSetMode                                        
0     00082473  _CalAdcINL                                         
0     000824ad  _CPU02toCPU01IPC0IntHandler                        
0     0008259d  _rt_OneStep                                        
0     00082624  _main                                              
0     00082673  _MW_SPI_Open                                       
0     00082689  _MW_SPI_SetFormat                                  
0     000826d8  _MW_SPI_SetBusSpeed                                
0     000826de  _MW_SPI_SetSlaveSelect                             
0     000826e5  _MW_SPI_MasterWriteRead_8bits                      
0     0008272e  _MW_SPI_SlaveWriteRead_8bits                       
0     00082735  _MW_SPI_GetStatus                                  
0     0008273a  _MW_SPI_Close                                      
0     0008273f  _init_board                                        
0     000827ff  _config_ADCC_SOC2                                  
0     0008281d  _config_ADCB_SOC2                                  
0     0008283b  _config_ADCB_SOC0                                  
0     00082861  _config_ADCC_SOC0                                  
0     00082881  _InitAdcB                                          
0     0008289e  _InitAdcC                                          
0     000828bb  _rt_InitInfAndNaN                                  
0     000828e3  _rtIsInf                                           
0     000828fb  _rtIsInfF                                          
0     00082913  _rtIsNaN                                           
0     00082936  _rtIsNaNF                                          
0     0008294d  _InitCpuTimers                                     
0     0008298e  _ConfigCpuTimer                                    
0     000829c9  _configureTimer0                                   
0     00082a06  _stopTimer0                                        
0     00082a0b  _enableTimer0Interrupt                             
0     00082a15  _disableTimer0Interrupt                            
0     00082a2d  _restoreTimer0Interrupt                            
0     00082a38  _disableWatchdog                                   
0     00082a43  _init_SCI                                          
0     00082a7e  _init_SCI_GPIO                                     
0     00082a92  _floor                                             
0     00082a92  _floorf                                            
0     00082aeb  _c_int00                                           
0     00082b41  _TINT0_isr                                         
0     00082b8b  _config_ePWM_GPIO                                  
0     00082bbb  _config_ePWM_TBSync                                
0     00082bc3  _config_ePWMSyncSource                             
0     00082bd1  _rtGetInf                                          
0     00082bea  _rtGetInfF                                         
0     00082bf3  _rtGetMinusInf                                     
0     00082c0c  _rtGetMinusInfF                                    
0     00082c15  _init_I2C_GPIO                                     
0     00082c2b  _init_I2C_A                                        
0     00082c4d  _OneTimeGpioInit                                   
0     00082c58  _GPIO_TogglePin                                    
0     00082c70  _Set_GPIOPin                                       
0     00082c7e  _rtGetNaN                                          
0     00082c97  _rtGetNaNF                                         
0     00082ca8  C$$EXIT                                            
0     00082ca8  _abort                                             
0     00082caa  _exit                                              
0     00082cd1  _InitPieCtrl                                       
0     00082cf0  _EnableInterrupts                                  
0     00082cf9  _InitPieVectTable                                  
0     00082d1f  _copy_in                                           
0     00082d43  _memcpy                                            
0     00082d60  _globalInterruptEnable                             
0     00082d6c  _globalInterruptDisable                            
0     00082d74  __args_main                                        
0     00082d86  __register_unlock                                  
0     00082d8a  __register_lock                                    
0     00082d8e  __nop                                              
0     00082d97  _memcpy_fast                                       
0     00082d9e  _memset                                            
0     00082da5  __system_pre_init                                  
0     00082da7  __system_post_cinit                                
0     00082da8  ___etext__                                         
0     00082da8  _mcb_pmsm_foc_test_f28379_ConstP                   
0     00082da8  etext                                              
0     0008357c  _PieVectTableInit                                  
0     0008373e  _mcb_pmsm_foc_test_f28379_ConstB                   
0     00083740  _mcb_pmsm_foc_test_f28379d_M                       
0     00083744  _RamfuncsLoadStart                                 
0     0008404c  _RamfuncsLoadEnd                                   
0     0008404c  ___cinit__                                         
0     0008404c  cinit                                              
0     000840e0  _MW_RamfuncsLoadStart                              
0     0008411f  _MW_RamfuncsLoadEnd                                
1     00000122  __stack                                            
1     00000522  __STACK_END                                        
1     00000b00  _AdcaResultRegs                                    
1     00000b20  _AdcbResultRegs                                    
1     00000b40  _AdccResultRegs                                    
1     00000b60  _AdcdResultRegs                                    
1     00000c00  _CpuTimer0Regs                                     
1     00000c08  _CpuTimer1Regs                                     
1     00000c10  _CpuTimer2Regs                                     
1     00000ce0  _PieCtrlRegs                                       
1     00000d00  _PieVectTable                                      
1     00001000  _DmaRegs                                           
1     00001400  _Cla1Regs                                          
1     00003000  _Clb1LogicCfgRegs                                  
1     00003100  _Clb1LogicCtrlRegs                                 
1     00003200  _Clb1DataExchRegs                                  
1     00003400  _Clb2LogicCfgRegs                                  
1     00003500  _Clb2LogicCtrlRegs                                 
1     00003600  _Clb2DataExchRegs                                  
1     00003800  _Clb3LogicCfgRegs                                  
1     00003900  _Clb3LogicCtrlRegs                                 
1     00003a00  _Clb3DataExchRegs                                  
1     00003c00  _Clb4LogicCfgRegs                                  
1     00003d00  _Clb4LogicCtrlRegs                                 
1     00003e00  _Clb4DataExchRegs                                  
1     00004000  _EPwm1Regs                                         
1     00004100  _EPwm2Regs                                         
1     00004200  _EPwm3Regs                                         
1     00004300  _EPwm4Regs                                         
1     00004400  _EPwm5Regs                                         
1     00004500  _EPwm6Regs                                         
1     00004600  _EPwm7Regs                                         
1     00004700  _EPwm8Regs                                         
1     00004800  _EPwm9Regs                                         
1     00004900  _EPwm10Regs                                        
1     00004a00  _EPwm11Regs                                        
1     00004b00  _EPwm12Regs                                        
1     00005000  _ECap1Regs                                         
1     00005020  _ECap2Regs                                         
1     00005040  _ECap3Regs                                         
1     00005060  _ECap4Regs                                         
1     00005080  _ECap5Regs                                         
1     000050a0  _ECap6Regs                                         
1     00005100  _EQep1Regs                                         
1     00005140  _EQep2Regs                                         
1     00005180  _EQep3Regs                                         
1     00005c00  _DacaRegs                                          
1     00005c10  _DacbRegs                                          
1     00005c20  _DaccRegs                                          
1     00005c80  _Cmpss1Regs                                        
1     00005ca0  _Cmpss2Regs                                        
1     00005cc0  _Cmpss3Regs                                        
1     00005ce0  _Cmpss4Regs                                        
1     00005d00  _Cmpss5Regs                                        
1     00005d20  _Cmpss6Regs                                        
1     00005d40  _Cmpss7Regs                                        
1     00005d60  _Cmpss8Regs                                        
1     00005e00  _Sdfm1Regs                                         
1     00005e80  _Sdfm2Regs                                         
1     00006000  _McbspaRegs                                        
1     00006040  _McbspbRegs                                        
1     00006100  _SpiaRegs                                          
1     00006110  _SpibRegs                                          
1     00006120  _SpicRegs                                          
1     00006200  _UppRegs                                           
1     00007000  _WdRegs                                            
1     00007060  _NmiIntruptRegs                                    
1     00007070  _XintRegs                                          
1     00007200  _SciaRegs                                          
1     00007210  _ScibRegs                                          
1     00007220  _ScicRegs                                          
1     00007230  _ScidRegs                                          
1     00007300  _I2caRegs                                          
1     00007340  _I2cbRegs                                          
1     00007400  _AdcaRegs                                          
1     00007480  _AdcbRegs                                          
1     00007500  _AdccRegs                                          
1     00007580  _AdcdRegs                                          
1     00007900  _InputXbarRegs                                     
1     00007920  _XbarRegs                                          
1     00007940  _SyncSocRegs                                       
1     00007980  _DmaClaSrcSelRegs                                  
1     00007a00  _EPwmXbarRegs                                      
1     00007a40  _ClbXbarRegs                                       
1     00007a80  _OutputXbarRegs                                    
1     00007c00  _GpioCtrlRegs                                      
1     00007f00  _GpioDataRegs                                      
1     0000e000  _MW_adcCInitFlag                                   
1     0000e001  _MW_adcBInitFlag                                   
1     0000e040  _mcb_pmsm_foc_test_f28379d_DW                      
1     0000e100  _mcb_pmsm_foc_test_f28379d_B                       
1     0000e2ec  _rtInf                                             
1     0000e2ee  _rtMinusInf                                        
1     0000e2f0  _rtNaN                                             
1     0000e2f2  _rtInfF                                            
1     0000e2f4  _rtMinusInfF                                       
1     0000e2f6  _rtNaNF                                            
1     0000e2f8  _ErrorFlag                                         
1     0000e2fa  _CIPC0_INT_fptr                                    
1     0000e2fc  _mwInitStart                                       
1     0000e2fe  _mwInitEnd                                         
1     0000e300  _CpuTimer0                                         
1     0000e308  _CpuTimer1                                         
1     0000e310  _CpuTimer2                                         
1     0000e318  _mySpi                                             
1     0000e330  ___TI_enable_exit_profile_output                   
1     0000e332  ___TI_cleanup_ptr                                  
1     0000e334  ___TI_dtors_ptr                                    
1     0000e336  _checkSCITransmitInProgressA                       
1     0000e337  _frameA1Transmitted                                
1     0000e338  _frameA1Count                                      
1     0000e33a  _SPI_oneTimeInit                                   
1     0000e33e  __lock                                             
1     0000e340  _isRateRunning                                     
1     0000e344  _need2runFlags                                     
1     0000e348  _IsrOverrun                                        
1     0000e349  _stopRequested                                     
1     0000e34a  _runModel                                          
1     0000e34b  _GPIO_oneTimeInit                                  
1     0000e34c  __unlock                                           
1     0000e34e  _MW_InterruptDisableLock                           
1     00047000  _Emif1Regs                                         
1     00047800  _Emif2Regs                                         
1     00048000  _CanaRegs                                          
1     0004a000  _CanbRegs                                          
1     00050000  _IpcRegs                                           
1     00050024  _FlashPumpSemaphoreRegs                            
1     0005d000  _DevCfgRegs                                        
1     0005d180  _AnalogSubsysRegs                                  
1     0005d200  _ClkCfgRegs                                        
1     0005d300  _CpuSysRegs                                        
1     0005e608  _RomPrefetchRegs                                   
1     0005f000  _DcsmZ1Regs                                        
1     0005f040  _DcsmZ2Regs                                        
1     0005f070  _DcsmCommonRegs                                    
1     0005f400  _MemCfgRegs                                        
1     0005f480  _Emif1ConfigRegs                                   
1     0005f4a0  _Emif2ConfigRegs                                   
1     0005f4c0  _AccessProtectionRegs                              
1     0005f500  _MemoryErrorRegs                                   
1     0005f540  _RomWaitStateRegs                                  
1     0005f800  _Flash0CtrlRegs                                    
1     0005fb00  _Flash0EccRegs                                     
abs   0000003f  _MW_RamfuncsLoadSize                               
abs   0000003f  _MW_RamfuncsRunSize                                
abs   00000400  __STACK_SIZE                                       
abs   00000908  _RamfuncsLoadSize                                  
abs   00000908  _RamfuncsRunSize                                   
abs   ffffffff  ___TI_pprof_out_hndl                               
abs   ffffffff  ___TI_prof_data_size                               
abs   ffffffff  ___TI_prof_data_start                              
abs   ffffffff  ___binit__                                         
abs   ffffffff  ___c_args__                                        
abs   ffffffff  ___pinit__                                         
abs   ffffffff  binit                                              
abs   ffffffff  pinit                                              

[488 symbols]
