<html>
<body>
<pre>
<h1>µVision Build Log</h1>
<h2>Tool Versions:</h2>
IDE-Version: ÂµVision V5.39.0.0
Copyright (C) 2023 ARM Ltd and ARM Germany GmbH. All rights reserved.
License Information: Guyu Pan, Zhejiang University, LIC=MGXG8-3PVJK-XCEJ0-BV68E-MM33K-KZ9B2
 
Tool Versions:
Toolchain:       MDK-ARM Professional  Version: 5.39.0.0
Toolchain Path:  C:\Keil_v5\ARM\ARMCOMPLIER506\Bin
C Compiler:      Armcc.exe V5.06 update 7 (build 960)
Assembler:       Armasm.exe V5.06 update 7 (build 960)
Linker/Locator:  ArmLink.exe V5.06 update 7 (build 960)
Library Manager: ArmAr.exe V5.06 update 7 (build 960)
Hex Converter:   FromElf.exe V5.06 update 7 (build 960)
CPU DLL:         SARMCM3.DLL V5.39.0.0
Dialog DLL:      DCM.DLL V1.17.5.0
Target DLL:      Segger\JL2CM3.dll V2.99.43.0
Dialog DLL:      TCM.DLL V1.56.4.0
 
<h2>Project:</h2>
D:\project\internship\DM-motor-right-arm-new-1\DM-motor-right-arm-new-1\MDK-ARM\CtrlBoard-H7_IMU.uvprojx
Project File Date:  11/10/2025

<h2>Output:</h2>
*** Using Compiler 'V5.06 update 7 (build 960)', folder: 'C:\Keil_v5\ARM\ARMCOMPLIER506\Bin'
Rebuild target 'CtrlBoard-H7_IMU'
assembling startup_stm32h723xx.s...
compiling usart.c...
compiling memorymap.c...
compiling stm32h7xx_it.c...
compiling tim.c...
compiling fdcan.c...
compiling dma.c...
compiling stm32h7xx_hal_pcd_ex.c...
compiling stm32h7xx_hal_pcd.c...
compiling stm32h7xx_hal_timebase_tim.c...
compiling spi.c...
compiling stm32h7xx_hal_msp.c...
compiling adc.c...
compiling gpio.c...
compiling main.c...
compiling freertos.c...
compiling stm32h7xx_ll_usb.c...
compiling stm32h7xx_hal_mdma.c...
compiling stm32h7xx_hal_hsem.c...
compiling stm32h7xx_hal_flash_ex.c...
compiling stm32h7xx_hal_gpio.c...
compiling stm32h7xx_hal_flash.c...
compiling stm32h7xx_hal_cortex.c...
compiling stm32h7xx_hal.c...
compiling stm32h7xx_hal_rcc.c...
compiling stm32h7xx_hal_pwr.c...
compiling stm32h7xx_hal_dma_ex.c...
compiling stm32h7xx_hal_pwr_ex.c...
compiling stm32h7xx_hal_rcc_ex.c...
compiling stm32h7xx_hal_i2c.c...
compiling stm32h7xx_hal_dma.c...
compiling stm32h7xx_hal_i2c_ex.c...
compiling stm32h7xx_hal_exti.c...
compiling stm32h7xx_hal_uart_ex.c...
compiling QuaternionEKF.c...
compiling stm32h7xx_hal_spi_ex.c...
compiling kalman_filter.c...
compiling BMI088Middleware.c...
compiling stm32h7xx_hal_adc.c...
compiling croutine.c...
compiling system_stm32h7xx.c...
compiling event_groups.c...
compiling list.c...
compiling stm32h7xx_hal_adc_ex.c...
compiling BMI088driver.c...
compiling queue.c...
compiling stream_buffer.c...
compiling timers.c...
compiling heap_4.c...
compiling tasks.c...
compiling port.c...
compiling cmsis_os.c...
compiling stm32h7xx_hal_spi.c...
compiling stm32h7xx_hal_tim_ex.c...
compiling stm32h7xx_hal_fdcan.c...
compiling dm4310_drv.c...
..\User\Devices\DM_Motor\dm4310_drv.c(137): warning:  #186-D: pointless comparison of unsigned integer with zero
  	if (rid >= REG_START && rid <= REG_END){
..\User\Devices\DM_Motor\dm4310_drv.c(152): warning:  #223-D: function "printf" declared implicitly
  			 printf("G_RID=0x%02X, Motor 0x%03X: Read RID=0x%02X, Value=0x%02X%02X%02X%02X\n",
..\User\Devices\DM_Motor\dm4310_drv.c: 2 warnings, 0 errors
compiling stm32h7xx_hal_tim.c...
compiling stm32h7xx_hal_uart.c...
compiling mahony_filter.c...
compiling pid.c...
compiling VMC_calc.c...
compiling user_lib.c...
compiling bsp_usart1.c...
compiling bsp_PWM.c...
compiling usb_device.c...
compiling bsp_dwt.c...
compiling connect_task.c...
compiling can_bsp.c...
compiling body_task.c...
compiling chassisR_task.c...
compiling vbus_check.c...
compiling chassisL_task.c...
compiling controller.c...
compiling usbd_ioreq.c...
compiling usbd_cdc.c...
compiling usbd_cdc_if.c...
compiling usbd_ctlreq.c...
compiling usbd_core.c...
compiling usbd_desc.c...
compiling usbd_conf.c...
linking...
Program Size: Code=55352 RO-data=1184 RW-data=584 ZI-data=47592  
FromELF: creating hex file...
"CtrlBoard-H7_IMU\CtrlBoard-H7_IMU.axf" - 0 Error(s), 2 Warning(s).

<h2>Software Packages used:</h2>

Package Vendor: ARM
                http://www.keil.com/pack/ARM.CMSIS.5.9.0.pack
                ARM::CMSIS@5.9.0
                CMSIS (Common Microcontroller Software Interface Standard)
   * Component: CORE Version: 5.6.0

Package Vendor: Keil
                https://www.keil.com/pack/Keil.STM32H7xx_DFP.4.1.3.pack
                Keil::STM32H7xx_DFP@4.1.3
                STMicroelectronics STM32H7 Series Device Support
   * Component: CubeMX Version: 1.0.0

<h2>Collection of Component include folders:</h2>
  ./RTE/_CtrlBoard-H7_IMU
  C:/Users/13571/AppData/Local/Arm/Packs/ARM/CMSIS/5.9.0/CMSIS/Core/Include

<h2>Collection of Component Files used:</h2>

   * Component: ARM::CMSIS:CORE@5.6.0

   * Component: Keil::Device:CubeMX@1.0.0
Build Time Elapsed:  00:02:30
</pre>
</body>
</html>
