<html>
<body>
<pre>
<h1>µVision Build Log</h1>
<h2>Tool Versions:</h2>
IDE-Version: ÂµVision V5.39.0.0
Copyright (C) 2023 ARM Ltd and ARM Germany GmbH. All rights reserved.
License Information: Guyu Pan, Zhejiang University, LIC=MGXG8-3PVJK-XCEJ0-BV68E-MM33K-KZ9B2
 
Tool Versions:
Toolchain:       MDK-ARM Professional  Version: 5.39.0.0
Toolchain Path:  C:\Keil_v5\ARM\ARMCOMPLIER506\Bin
C Compiler:      Armcc.exe V5.06 update 7 (build 960)
Assembler:       Armasm.exe V5.06 update 7 (build 960)
Linker/Locator:  ArmLink.exe V5.06 update 7 (build 960)
Library Manager: ArmAr.exe V5.06 update 7 (build 960)
Hex Converter:   FromElf.exe V5.06 update 7 (build 960)
CPU DLL:         SARMCM3.DLL V5.39.0.0
Dialog DLL:      DCM.DLL V1.17.5.0
Target DLL:      CMSIS_AGDI.dll V1.33.16.0
Dialog DLL:      TCM.DLL V1.56.4.0
 
<h2>Project:</h2>
D:\project\internship\foc_pmsm_m1_encoder\foc_pmsm_m1_encoder\MDK-ARM\foc_pmsm_m1_encoder.uvprojx
Project File Date:  11/17/2025

<h2>Output:</h2>
*** Using Compiler 'V5.06 update 7 (build 960)', folder: 'C:\Keil_v5\ARM\ARMCOMPLIER506\Bin'
Build target 'foc_pmsm_m1_encoder'
assembling startup_stm32f407xx.s...
compiling mc_interface.c...
compiling mc_math.c...
compiling stm32f4xx_it.c...
compiling mc_config.c...
compiling mc_parameters.c...
compiling dac_ui.c...
compiling regular_conversion_manager.c...
compiling ui_task.c...
compiling motorcontrol.c...
compiling stm32f4xx_mc_it.c...
compiling main.c...
compiling mc_api.c...
compiling motor_control_protocol.c...
compiling user_interface.c...
compiling mc_tasks.c...
compiling system_stm32f4xx.c...
compiling stm32f4xx_ll_adc.c...
compiling stm32f4xx_hal_msp.c...
compiling stm32f4xx_hal_rcc.c...
compiling stm32f4xx_hal_rcc_ex.c...
compiling stm32f4xx_hal_adc_ex.c...
compiling stm32f4xx_hal_adc.c...
compiling stm32f4xx_hal_flash_ramfunc.c...
compiling stm32f4xx_hal_flash.c...
compiling stm32f4xx_hal_flash_ex.c...
compiling stm32f4xx_hal_gpio.c...
compiling stm32f4xx_hal_dma_ex.c...
compiling stm32f4xx_hal_pwr_ex.c...
compiling stm32f4xx_hal_pwr.c...
compiling stm32f4xx_hal_dma.c...
compiling stm32f4xx_hal.c...
compiling stm32f4xx_hal_cortex.c...
compiling stm32f4xx_hal_exti.c...
compiling stm32f4xx_hal_dac_ex.c...
compiling stm32f4xx_hal_dac.c...
compiling stm32f4xx_hal_tim_ex.c...
compiling bus_voltage_sensor.c...
compiling circle_limitation.c...
compiling digital_output.c...
compiling enc_align_ctrl.c...
compiling stm32f4xx_hal_uart.c...
compiling motor_power_measurement.c...
compiling encoder_speed_pos_fdbk.c...
compiling stm32f4xx_hal_tim.c...
compiling ntc_temperature_sensor.c...
compiling open_loop.c...
compiling pqd_motor_power_measurement.c...
compiling pid_regulator.c...
compiling pwm_curr_fdbk.c...
compiling pwm_common.c...
compiling ramp_ext_mngr.c...
compiling r_divider_bus_voltage_sensor.c...
compiling revup_ctrl.c...
compiling speed_pos_fdbk.c...
compiling speed_torq_ctrl.c...
compiling state_machine.c...
compiling virtual_speed_sensor.c...
compiling dac_common_ui.c...
compiling ui_irq_handler.c...
compiling frame_communication_protocol.c...
compiling usart_frame_communication_protocol.c...
compiling r3_2_f4xx_pwm_curr_fdbk.c...
linking...
Program Size: Code=23192 RO-data=1180 RW-data=1620 ZI-data=1828  
FromELF: creating hex file...
"foc_pmsm_m1_encoder\foc_pmsm_m1_encoder.axf" - 0 Error(s), 0 Warning(s).

<h2>Software Packages used:</h2>

Package Vendor: ARM
                http://www.keil.com/pack/ARM.CMSIS.5.9.0.pack
                ARM::CMSIS@5.9.0
                CMSIS (Common Microcontroller Software Interface Standard)
   * Component: CORE Version: 5.6.0

Package Vendor: Keil
                https://www.keil.com/pack/Keil.STM32F4xx_DFP.3.1.1.pack
                Keil::STM32F4xx_DFP@3.1.1
                STMicroelectronics STM32F4 Series Device Support

<h2>Collection of Component include folders:</h2>
  ./RTE/_foc_pmsm_m1_encoder
  C:/Users/13571/AppData/Local/Arm/Packs/ARM/CMSIS/5.9.0/CMSIS/Core/Include

<h2>Collection of Component Files used:</h2>

   * Component: ARM::CMSIS:CORE@5.6.0
Build Time Elapsed:  00:00:04
</pre>
</body>
</html>
